ARM GAS  /tmp/ccN3aJSF.s 			page 1


   1              		.cpu cortex-m0
   2              		.arch armv6s-m
   3              		.fpu softvfp
   4              		.eabi_attribute 20, 1
   5              		.eabi_attribute 21, 1
   6              		.eabi_attribute 23, 3
   7              		.eabi_attribute 24, 1
   8              		.eabi_attribute 25, 1
   9              		.eabi_attribute 26, 1
  10              		.eabi_attribute 30, 1
  11              		.eabi_attribute 34, 0
  12              		.eabi_attribute 18, 4
  13              		.file	"i2c.c"
  14              		.text
  15              	.Ltext0:
  16              		.cfi_sections	.debug_frame
  17              		.file 1 "Core/Src/i2c.c"
  18              		.section	.text.i2c_init,"ax",%progbits
  19              		.align	1
  20              		.global	i2c_init
  21              		.syntax unified
  22              		.code	16
  23              		.thumb_func
  25              	i2c_init:
  26              	.LFB40:
   1:Core/Src/i2c.c **** #include "i2c.h"
   2:Core/Src/i2c.c **** #include "stm32f042x6.h"
   3:Core/Src/i2c.c **** #include <main.h>
   4:Core/Src/i2c.c **** #include <stdint.h>
   5:Core/Src/i2c.c **** 
   6:Core/Src/i2c.c **** // Init PB7 & PB6 for I2C
   7:Core/Src/i2c.c **** void i2c_init() {
  27              		.loc 1 7 17 view -0
  28              		.cfi_startproc
  29              		@ args = 0, pretend = 0, frame = 0
  30              		@ frame_needed = 0, uses_anonymous_args = 0
  31 0000 30B5     		push	{r4, r5, lr}
  32              	.LCFI0:
  33              		.cfi_def_cfa_offset 12
  34              		.cfi_offset 4, -12
  35              		.cfi_offset 5, -8
  36              		.cfi_offset 14, -4
   8:Core/Src/i2c.c ****   // Enable clock GPIOB
   9:Core/Src/i2c.c ****   RCC->AHBENR |= RCC_AHBENR_GPIOBEN;
  37              		.loc 1 9 3 view .LVU1
  38              		.loc 1 9 6 is_stmt 0 view .LVU2
  39 0002 224A     		ldr	r2, .L2
  40 0004 5169     		ldr	r1, [r2, #20]
  41              		.loc 1 9 15 view .LVU3
  42 0006 8023     		movs	r3, #128
  43 0008 DB02     		lsls	r3, r3, #11
  44 000a 0B43     		orrs	r3, r1
  45 000c 5361     		str	r3, [r2, #20]
  10:Core/Src/i2c.c **** 
  11:Core/Src/i2c.c ****   // Write 10 for AF on GPIOB PIN 7 & PIN 6 into MODER
  12:Core/Src/i2c.c ****   GPIOB->MODER |= (1U << 13);
  46              		.loc 1 12 3 is_stmt 1 view .LVU4
ARM GAS  /tmp/ccN3aJSF.s 			page 2


  47              		.loc 1 12 8 is_stmt 0 view .LVU5
  48 000e 204B     		ldr	r3, .L2+4
  49 0010 1868     		ldr	r0, [r3]
  50              		.loc 1 12 16 view .LVU6
  51 0012 8021     		movs	r1, #128
  52 0014 8901     		lsls	r1, r1, #6
  53 0016 0143     		orrs	r1, r0
  54 0018 1960     		str	r1, [r3]
  13:Core/Src/i2c.c ****   GPIOB->MODER &= ~(1U << 12);
  55              		.loc 1 13 3 is_stmt 1 view .LVU7
  56              		.loc 1 13 8 is_stmt 0 view .LVU8
  57 001a 1968     		ldr	r1, [r3]
  58              		.loc 1 13 16 view .LVU9
  59 001c 1D4C     		ldr	r4, .L2+8
  60 001e 2140     		ands	r1, r4
  61 0020 1960     		str	r1, [r3]
  14:Core/Src/i2c.c ****   GPIOB->MODER |= (1U << 15);
  62              		.loc 1 14 3 is_stmt 1 view .LVU10
  63              		.loc 1 14 8 is_stmt 0 view .LVU11
  64 0022 1868     		ldr	r0, [r3]
  65              		.loc 1 14 16 view .LVU12
  66 0024 8021     		movs	r1, #128
  67 0026 0902     		lsls	r1, r1, #8
  68 0028 0143     		orrs	r1, r0
  69 002a 1960     		str	r1, [r3]
  15:Core/Src/i2c.c ****   GPIOB->MODER &= ~(1U << 14);
  70              		.loc 1 15 3 is_stmt 1 view .LVU13
  71              		.loc 1 15 8 is_stmt 0 view .LVU14
  72 002c 1968     		ldr	r1, [r3]
  73              		.loc 1 15 16 view .LVU15
  74 002e 1A48     		ldr	r0, .L2+12
  75 0030 0140     		ands	r1, r0
  76 0032 1960     		str	r1, [r3]
  16:Core/Src/i2c.c **** 
  17:Core/Src/i2c.c ****   // Set open drain
  18:Core/Src/i2c.c ****   GPIOB->OTYPER |= (1U << 6);
  77              		.loc 1 18 3 is_stmt 1 view .LVU16
  78              		.loc 1 18 8 is_stmt 0 view .LVU17
  79 0034 5968     		ldr	r1, [r3, #4]
  80              		.loc 1 18 17 view .LVU18
  81 0036 4025     		movs	r5, #64
  82 0038 2943     		orrs	r1, r5
  83 003a 5960     		str	r1, [r3, #4]
  19:Core/Src/i2c.c ****   GPIOB->OTYPER |= (1U << 7);
  84              		.loc 1 19 3 is_stmt 1 view .LVU19
  85              		.loc 1 19 8 is_stmt 0 view .LVU20
  86 003c 5968     		ldr	r1, [r3, #4]
  87              		.loc 1 19 17 view .LVU21
  88 003e 4035     		adds	r5, r5, #64
  89 0040 2943     		orrs	r1, r5
  90 0042 5960     		str	r1, [r3, #4]
  20:Core/Src/i2c.c **** 
  21:Core/Src/i2c.c ****   // Set output speed to low
  22:Core/Src/i2c.c ****   GPIOB->OSPEEDR &= ~(1U << 12);
  91              		.loc 1 22 3 is_stmt 1 view .LVU22
  92              		.loc 1 22 8 is_stmt 0 view .LVU23
  93 0044 9968     		ldr	r1, [r3, #8]
ARM GAS  /tmp/ccN3aJSF.s 			page 3


  94              		.loc 1 22 18 view .LVU24
  95 0046 2140     		ands	r1, r4
  96 0048 9960     		str	r1, [r3, #8]
  23:Core/Src/i2c.c ****   GPIOB->OSPEEDR &= ~(1U << 14);
  97              		.loc 1 23 3 is_stmt 1 view .LVU25
  98              		.loc 1 23 8 is_stmt 0 view .LVU26
  99 004a 9968     		ldr	r1, [r3, #8]
 100              		.loc 1 23 18 view .LVU27
 101 004c 0140     		ands	r1, r0
 102 004e 9960     		str	r1, [r3, #8]
  24:Core/Src/i2c.c **** 
  25:Core/Src/i2c.c ****   // Set no pull up, pupp down (12K resistor on breadboard)
  26:Core/Src/i2c.c ****   GPIOB->PUPDR &= ~(1U << 12);
 103              		.loc 1 26 3 is_stmt 1 view .LVU28
 104              		.loc 1 26 8 is_stmt 0 view .LVU29
 105 0050 D968     		ldr	r1, [r3, #12]
 106              		.loc 1 26 16 view .LVU30
 107 0052 2140     		ands	r1, r4
 108 0054 D960     		str	r1, [r3, #12]
  27:Core/Src/i2c.c ****   GPIOB->PUPDR &= ~(1U << 13);
 109              		.loc 1 27 3 is_stmt 1 view .LVU31
 110              		.loc 1 27 8 is_stmt 0 view .LVU32
 111 0056 D968     		ldr	r1, [r3, #12]
 112              		.loc 1 27 16 view .LVU33
 113 0058 104C     		ldr	r4, .L2+16
 114 005a 2140     		ands	r1, r4
 115 005c D960     		str	r1, [r3, #12]
  28:Core/Src/i2c.c ****   GPIOB->PUPDR &= ~(1U << 14);
 116              		.loc 1 28 3 is_stmt 1 view .LVU34
 117              		.loc 1 28 8 is_stmt 0 view .LVU35
 118 005e D968     		ldr	r1, [r3, #12]
 119              		.loc 1 28 16 view .LVU36
 120 0060 0140     		ands	r1, r0
 121 0062 D960     		str	r1, [r3, #12]
  29:Core/Src/i2c.c ****   GPIOB->PUPDR &= ~(1U << 15);
 122              		.loc 1 29 3 is_stmt 1 view .LVU37
 123              		.loc 1 29 8 is_stmt 0 view .LVU38
 124 0064 D968     		ldr	r1, [r3, #12]
 125              		.loc 1 29 16 view .LVU39
 126 0066 0E48     		ldr	r0, .L2+20
 127 0068 0140     		ands	r1, r0
 128 006a D960     		str	r1, [r3, #12]
  30:Core/Src/i2c.c **** 
  31:Core/Src/i2c.c ****   // Hard set alternative function I2C1 for pin 6 & pin 7
  32:Core/Src/i2c.c ****   GPIOB->AFR[0] = 0b00010001000000000000000000000000;
 129              		.loc 1 32 3 is_stmt 1 view .LVU40
 130              		.loc 1 32 17 is_stmt 0 view .LVU41
 131 006c 8821     		movs	r1, #136
 132 006e 4905     		lsls	r1, r1, #21
 133 0070 1962     		str	r1, [r3, #32]
  33:Core/Src/i2c.c **** 
  34:Core/Src/i2c.c ****   // Enable clock to I2C1
  35:Core/Src/i2c.c ****   RCC->APB1ENR |= (1U << 21);
 134              		.loc 1 35 3 is_stmt 1 view .LVU42
 135              		.loc 1 35 6 is_stmt 0 view .LVU43
 136 0072 D169     		ldr	r1, [r2, #28]
 137              		.loc 1 35 16 view .LVU44
ARM GAS  /tmp/ccN3aJSF.s 			page 4


 138 0074 8023     		movs	r3, #128
 139 0076 9B03     		lsls	r3, r3, #14
 140 0078 0B43     		orrs	r3, r1
 141 007a D361     		str	r3, [r2, #28]
  36:Core/Src/i2c.c **** 
  37:Core/Src/i2c.c ****   // Setup timing
  38:Core/Src/i2c.c ****   I2C1->TIMINGR = (uint32_t)0x10301115;
 142              		.loc 1 38 3 is_stmt 1 view .LVU45
 143              		.loc 1 38 17 is_stmt 0 view .LVU46
 144 007c 094B     		ldr	r3, .L2+24
 145 007e 0A4A     		ldr	r2, .L2+28
 146 0080 1A61     		str	r2, [r3, #16]
  39:Core/Src/i2c.c **** 
  40:Core/Src/i2c.c ****   // Enable I2C1 peripheral
  41:Core/Src/i2c.c ****   I2C1->CR1 |= I2C_CR1_PE;
 147              		.loc 1 41 3 is_stmt 1 view .LVU47
 148              		.loc 1 41 7 is_stmt 0 view .LVU48
 149 0082 1A68     		ldr	r2, [r3]
 150              		.loc 1 41 13 view .LVU49
 151 0084 0121     		movs	r1, #1
 152 0086 0A43     		orrs	r2, r1
 153 0088 1A60     		str	r2, [r3]
  42:Core/Src/i2c.c **** }
 154              		.loc 1 42 1 view .LVU50
 155              		@ sp needed
 156 008a 30BD     		pop	{r4, r5, pc}
 157              	.L3:
 158              		.align	2
 159              	.L2:
 160 008c 00100240 		.word	1073876992
 161 0090 00040048 		.word	1207960576
 162 0094 FFEFFFFF 		.word	-4097
 163 0098 FFBFFFFF 		.word	-16385
 164 009c FFDFFFFF 		.word	-8193
 165 00a0 FF7FFFFF 		.word	-32769
 166 00a4 00540040 		.word	1073763328
 167 00a8 15113010 		.word	271585557
 168              		.cfi_endproc
 169              	.LFE40:
 171              		.section	.text.i2c_send,"ax",%progbits
 172              		.align	1
 173              		.global	i2c_send
 174              		.syntax unified
 175              		.code	16
 176              		.thumb_func
 178              	i2c_send:
 179              	.LFB41:
  43:Core/Src/i2c.c **** 
  44:Core/Src/i2c.c **** void i2c_send() {
 180              		.loc 1 44 17 is_stmt 1 view -0
 181              		.cfi_startproc
 182              		@ args = 0, pretend = 0, frame = 0
 183              		@ frame_needed = 0, uses_anonymous_args = 0
 184              		@ link register save eliminated.
  45:Core/Src/i2c.c ****   // Slave address (address of slave chip etc. oled ssd1306)
  46:Core/Src/i2c.c ****   I2C1->CR2 |= (0x3C << 1);
 185              		.loc 1 46 3 view .LVU52
ARM GAS  /tmp/ccN3aJSF.s 			page 5


 186              		.loc 1 46 7 is_stmt 0 view .LVU53
 187 0000 184B     		ldr	r3, .L13
 188 0002 5A68     		ldr	r2, [r3, #4]
 189              		.loc 1 46 13 view .LVU54
 190 0004 7821     		movs	r1, #120
 191 0006 0A43     		orrs	r2, r1
 192 0008 5A60     		str	r2, [r3, #4]
  47:Core/Src/i2c.c **** 
  48:Core/Src/i2c.c ****   // Choose send or recieve (Send in this case)
  49:Core/Src/i2c.c ****   I2C1->CR2 &= ~(I2C_CR2_RD_WRN);
 193              		.loc 1 49 3 is_stmt 1 view .LVU55
 194              		.loc 1 49 7 is_stmt 0 view .LVU56
 195 000a 5A68     		ldr	r2, [r3, #4]
 196              		.loc 1 49 13 view .LVU57
 197 000c 1649     		ldr	r1, .L13+4
 198 000e 0A40     		ands	r2, r1
 199 0010 5A60     		str	r2, [r3, #4]
  50:Core/Src/i2c.c **** 
  51:Core/Src/i2c.c ****   // Nbytes to send
  52:Core/Src/i2c.c ****   I2C1->CR2 |= (1 << 16);
 200              		.loc 1 52 3 is_stmt 1 view .LVU58
 201              		.loc 1 52 7 is_stmt 0 view .LVU59
 202 0012 5968     		ldr	r1, [r3, #4]
 203              		.loc 1 52 13 view .LVU60
 204 0014 8022     		movs	r2, #128
 205 0016 5202     		lsls	r2, r2, #9
 206 0018 0A43     		orrs	r2, r1
 207 001a 5A60     		str	r2, [r3, #4]
  53:Core/Src/i2c.c **** 
  54:Core/Src/i2c.c ****   // Send start condition
  55:Core/Src/i2c.c ****   I2C1->CR2 |= I2C_CR2_START;
 208              		.loc 1 55 3 is_stmt 1 view .LVU61
 209              		.loc 1 55 7 is_stmt 0 view .LVU62
 210 001c 5968     		ldr	r1, [r3, #4]
 211              		.loc 1 55 13 view .LVU63
 212 001e 8022     		movs	r2, #128
 213 0020 9201     		lsls	r2, r2, #6
 214 0022 0A43     		orrs	r2, r1
 215 0024 5A60     		str	r2, [r3, #4]
  56:Core/Src/i2c.c **** 
  57:Core/Src/i2c.c ****   // Make sure I2C is not busy by reading the start bit
  58:Core/Src/i2c.c ****   while (I2C1->CR2 & I2C_CR2_START)
 216              		.loc 1 58 3 is_stmt 1 view .LVU64
 217              	.L5:
 218              		.loc 1 58 10 discriminator 1 view .LVU65
 219              		.loc 1 58 14 is_stmt 0 discriminator 1 view .LVU66
 220 0026 0F4B     		ldr	r3, .L13
 221 0028 5B68     		ldr	r3, [r3, #4]
 222              		.loc 1 58 10 discriminator 1 view .LVU67
 223 002a 9B04     		lsls	r3, r3, #18
 224 002c FBD4     		bmi	.L5
  59:Core/Src/i2c.c ****     ;
  60:Core/Src/i2c.c **** 
  61:Core/Src/i2c.c ****   // Data to send
  62:Core/Src/i2c.c ****   I2C1->TXDR = COMMAND;
 225              		.loc 1 62 3 is_stmt 1 view .LVU68
 226              		.loc 1 62 14 is_stmt 0 view .LVU69
ARM GAS  /tmp/ccN3aJSF.s 			page 6


 227 002e 0D4B     		ldr	r3, .L13
 228 0030 0022     		movs	r2, #0
 229 0032 9A62     		str	r2, [r3, #40]
  63:Core/Src/i2c.c **** 
  64:Core/Src/i2c.c ****   // Wait until data is sent
  65:Core/Src/i2c.c ****   while (!(I2C1->ISR & I2C_ISR_TXE))
 230              		.loc 1 65 3 is_stmt 1 view .LVU70
 231              	.L6:
 232              		.loc 1 65 10 discriminator 1 view .LVU71
 233              		.loc 1 65 16 is_stmt 0 discriminator 1 view .LVU72
 234 0034 0B4B     		ldr	r3, .L13
 235 0036 9B69     		ldr	r3, [r3, #24]
 236              		.loc 1 65 10 discriminator 1 view .LVU73
 237 0038 DB07     		lsls	r3, r3, #31
 238 003a FBD5     		bpl	.L6
  66:Core/Src/i2c.c ****     ;
  67:Core/Src/i2c.c **** 
  68:Core/Src/i2c.c ****   I2C1->TXDR = INVERT;
 239              		.loc 1 68 3 is_stmt 1 view .LVU74
 240              		.loc 1 68 14 is_stmt 0 view .LVU75
 241 003c 094B     		ldr	r3, .L13
 242 003e A722     		movs	r2, #167
 243 0040 9A62     		str	r2, [r3, #40]
  69:Core/Src/i2c.c ****   while (!(I2C1->ISR & I2C_ISR_TXE))
 244              		.loc 1 69 3 is_stmt 1 view .LVU76
 245              		.loc 1 69 9 is_stmt 0 view .LVU77
 246 0042 05E0     		b	.L7
 247              	.L8:
  70:Core/Src/i2c.c **** 
  71:Core/Src/i2c.c ****     // Send stop condition
  72:Core/Src/i2c.c ****     I2C1->CR2 |= I2C_CR2_STOP;
 248              		.loc 1 72 5 is_stmt 1 view .LVU78
 249              		.loc 1 72 9 is_stmt 0 view .LVU79
 250 0044 074A     		ldr	r2, .L13
 251 0046 5168     		ldr	r1, [r2, #4]
 252              		.loc 1 72 15 view .LVU80
 253 0048 8023     		movs	r3, #128
 254 004a DB01     		lsls	r3, r3, #7
 255 004c 0B43     		orrs	r3, r1
 256 004e 5360     		str	r3, [r2, #4]
 257              	.L7:
  69:Core/Src/i2c.c ****   while (!(I2C1->ISR & I2C_ISR_TXE))
 258              		.loc 1 69 10 is_stmt 1 view .LVU81
  69:Core/Src/i2c.c ****   while (!(I2C1->ISR & I2C_ISR_TXE))
 259              		.loc 1 69 16 is_stmt 0 view .LVU82
 260 0050 044B     		ldr	r3, .L13
 261 0052 9B69     		ldr	r3, [r3, #24]
  69:Core/Src/i2c.c ****   while (!(I2C1->ISR & I2C_ISR_TXE))
 262              		.loc 1 69 10 view .LVU83
 263 0054 DB07     		lsls	r3, r3, #31
 264 0056 F5D5     		bpl	.L8
 265              	.L9:
  73:Core/Src/i2c.c **** 
  74:Core/Src/i2c.c ****   // Wait until stop condition is sent
  75:Core/Src/i2c.c ****   while (I2C1->CR2 & I2C_CR2_STOP)
 266              		.loc 1 75 10 is_stmt 1 discriminator 1 view .LVU84
 267              		.loc 1 75 14 is_stmt 0 discriminator 1 view .LVU85
ARM GAS  /tmp/ccN3aJSF.s 			page 7


 268 0058 024B     		ldr	r3, .L13
 269 005a 5B68     		ldr	r3, [r3, #4]
 270              		.loc 1 75 10 discriminator 1 view .LVU86
 271 005c 5B04     		lsls	r3, r3, #17
 272 005e FBD4     		bmi	.L9
  76:Core/Src/i2c.c ****     ;
  77:Core/Src/i2c.c **** }
 273              		.loc 1 77 1 view .LVU87
 274              		@ sp needed
 275 0060 7047     		bx	lr
 276              	.L14:
 277 0062 C046     		.align	2
 278              	.L13:
 279 0064 00540040 		.word	1073763328
 280 0068 FFFBFFFF 		.word	-1025
 281              		.cfi_endproc
 282              	.LFE41:
 284              		.text
 285              	.Letext0:
 286              		.file 2 "/opt/gcc-arm-none-eabi/arm-none-eabi/include/machine/_default_types.h"
 287              		.file 3 "/opt/gcc-arm-none-eabi/arm-none-eabi/include/sys/_stdint.h"
 288              		.file 4 "Drivers/CMSIS/Device/ST/STM32F0xx/Include/stm32f042x6.h"
ARM GAS  /tmp/ccN3aJSF.s 			page 8


DEFINED SYMBOLS
                            *ABS*:00000000 i2c.c
     /tmp/ccN3aJSF.s:19     .text.i2c_init:00000000 $t
     /tmp/ccN3aJSF.s:25     .text.i2c_init:00000000 i2c_init
     /tmp/ccN3aJSF.s:160    .text.i2c_init:0000008c $d
     /tmp/ccN3aJSF.s:172    .text.i2c_send:00000000 $t
     /tmp/ccN3aJSF.s:178    .text.i2c_send:00000000 i2c_send
     /tmp/ccN3aJSF.s:279    .text.i2c_send:00000064 $d

NO UNDEFINED SYMBOLS
