ARM GAS  /tmp/ccVwGsD2.s 			page 1


   1              		.cpu cortex-m0
   2              		.arch armv6s-m
   3              		.fpu softvfp
   4              		.eabi_attribute 20, 1
   5              		.eabi_attribute 21, 1
   6              		.eabi_attribute 23, 3
   7              		.eabi_attribute 24, 1
   8              		.eabi_attribute 25, 1
   9              		.eabi_attribute 26, 1
  10              		.eabi_attribute 30, 1
  11              		.eabi_attribute 34, 0
  12              		.eabi_attribute 18, 4
  13              		.file	"main.c"
  14              		.text
  15              	.Ltext0:
  16              		.cfi_sections	.debug_frame
  17              		.file 1 "Core/Src/main.c"
  18              		.section	.text.Error_Handler,"ax",%progbits
  19              		.align	1
  20              		.global	Error_Handler
  21              		.syntax unified
  22              		.code	16
  23              		.thumb_func
  25              	Error_Handler:
  26              	.LFB42:
   1:Core/Src/main.c **** #include "main.h"
   2:Core/Src/main.c **** #include "i2c.h"
   3:Core/Src/main.c **** #include "stm32f0xx_hal.h"
   4:Core/Src/main.c **** #include "tests.h"
   5:Core/Src/main.c **** #include "u8g2_port.h"
   6:Core/Src/main.c **** #include "u8g2.h"
   7:Core/Src/main.c **** 
   8:Core/Src/main.c **** void SystemClock_Config(void);
   9:Core/Src/main.c **** 
  10:Core/Src/main.c **** int main(void) {
  11:Core/Src/main.c **** 
  12:Core/Src/main.c ****   HAL_Init();
  13:Core/Src/main.c ****   SystemClock_Config();
  14:Core/Src/main.c **** 
  15:Core/Src/main.c ****   onboard_led_init();
  16:Core/Src/main.c ****   i2c_init();
  17:Core/Src/main.c **** 
  18:Core/Src/main.c ****   u8g2_t *u8g2 = u8g2_port_init();
  19:Core/Src/main.c **** 
  20:Core/Src/main.c ****   // Get text width for smooth wrapping
  21:Core/Src/main.c ****   u8g2_SetFont(u8g2, u8g2_font_helvB12_tr);
  22:Core/Src/main.c ****   const char *text = "Martin Grani";
  23:Core/Src/main.c ****   int16_t text_width = u8g2_GetStrWidth(u8g2, text);
  24:Core/Src/main.c ****   int16_t x = 128;  // Start off-screen right
  25:Core/Src/main.c **** 
  26:Core/Src/main.c ****   while (1) {
  27:Core/Src/main.c ****     u8g2_ClearBuffer(u8g2);
  28:Core/Src/main.c **** 
  29:Core/Src/main.c ****     // Draw text centered vertically
  30:Core/Src/main.c ****     u8g2_DrawStr(u8g2, x, 38, text);
  31:Core/Src/main.c **** 
  32:Core/Src/main.c ****     u8g2_SendBuffer(u8g2);
ARM GAS  /tmp/ccVwGsD2.s 			page 2


  33:Core/Src/main.c **** 
  34:Core/Src/main.c ****     // Move text left
  35:Core/Src/main.c ****     x -= 5;
  36:Core/Src/main.c **** 
  37:Core/Src/main.c ****     // Reset when fully scrolled off left
  38:Core/Src/main.c ****     if (x < -text_width) {
  39:Core/Src/main.c ****       x = 128;
  40:Core/Src/main.c ****     }
  41:Core/Src/main.c **** 
  42:Core/Src/main.c ****     onboard_led_toggle();
  43:Core/Src/main.c ****     HAL_Delay(30);
  44:Core/Src/main.c ****   }
  45:Core/Src/main.c **** }
  46:Core/Src/main.c **** 
  47:Core/Src/main.c **** void SystemClock_Config(void) {
  48:Core/Src/main.c ****   RCC_OscInitTypeDef RCC_OscInitStruct = {0};
  49:Core/Src/main.c ****   RCC_ClkInitTypeDef RCC_ClkInitStruct = {0};
  50:Core/Src/main.c **** 
  51:Core/Src/main.c ****   RCC_OscInitStruct.OscillatorType = RCC_OSCILLATORTYPE_HSI;
  52:Core/Src/main.c ****   RCC_OscInitStruct.HSIState = RCC_HSI_ON;
  53:Core/Src/main.c ****   RCC_OscInitStruct.HSICalibrationValue = RCC_HSICALIBRATION_DEFAULT;
  54:Core/Src/main.c ****   RCC_OscInitStruct.PLL.PLLState = RCC_PLL_NONE;
  55:Core/Src/main.c ****   if (HAL_RCC_OscConfig(&RCC_OscInitStruct) != HAL_OK) {
  56:Core/Src/main.c ****     Error_Handler();
  57:Core/Src/main.c ****   }
  58:Core/Src/main.c **** 
  59:Core/Src/main.c ****   RCC_ClkInitStruct.ClockType =
  60:Core/Src/main.c ****       RCC_CLOCKTYPE_HCLK | RCC_CLOCKTYPE_SYSCLK | RCC_CLOCKTYPE_PCLK1;
  61:Core/Src/main.c ****   RCC_ClkInitStruct.SYSCLKSource = RCC_SYSCLKSOURCE_HSI;
  62:Core/Src/main.c ****   RCC_ClkInitStruct.AHBCLKDivider = RCC_SYSCLK_DIV1;
  63:Core/Src/main.c ****   RCC_ClkInitStruct.APB1CLKDivider = RCC_HCLK_DIV1;
  64:Core/Src/main.c **** 
  65:Core/Src/main.c ****   if (HAL_RCC_ClockConfig(&RCC_ClkInitStruct, FLASH_LATENCY_0) != HAL_OK) {
  66:Core/Src/main.c ****     Error_Handler();
  67:Core/Src/main.c ****   }
  68:Core/Src/main.c **** }
  69:Core/Src/main.c **** 
  70:Core/Src/main.c **** void Error_Handler(void) {
  27              		.loc 1 70 26 view -0
  28              		.cfi_startproc
  29              		@ Volatile: function does not return.
  30              		@ args = 0, pretend = 0, frame = 0
  31              		@ frame_needed = 0, uses_anonymous_args = 0
  32              		@ link register save eliminated.
  71:Core/Src/main.c ****   __disable_irq();
  33              		.loc 1 71 3 view .LVU1
  34              	.LBB4:
  35              	.LBI4:
  36              		.file 2 "Drivers/CMSIS/Include/cmsis_gcc.h"
   1:Drivers/CMSIS/Include/cmsis_gcc.h **** /**************************************************************************//**
   2:Drivers/CMSIS/Include/cmsis_gcc.h ****  * @file     cmsis_gcc.h
   3:Drivers/CMSIS/Include/cmsis_gcc.h ****  * @brief    CMSIS compiler GCC header file
   4:Drivers/CMSIS/Include/cmsis_gcc.h ****  * @version  V5.0.4
   5:Drivers/CMSIS/Include/cmsis_gcc.h ****  * @date     09. April 2018
   6:Drivers/CMSIS/Include/cmsis_gcc.h ****  ******************************************************************************/
   7:Drivers/CMSIS/Include/cmsis_gcc.h **** /*
   8:Drivers/CMSIS/Include/cmsis_gcc.h ****  * Copyright (c) 2009-2018 Arm Limited. All rights reserved.
ARM GAS  /tmp/ccVwGsD2.s 			page 3


   9:Drivers/CMSIS/Include/cmsis_gcc.h ****  *
  10:Drivers/CMSIS/Include/cmsis_gcc.h ****  * SPDX-License-Identifier: Apache-2.0
  11:Drivers/CMSIS/Include/cmsis_gcc.h ****  *
  12:Drivers/CMSIS/Include/cmsis_gcc.h ****  * Licensed under the Apache License, Version 2.0 (the License); you may
  13:Drivers/CMSIS/Include/cmsis_gcc.h ****  * not use this file except in compliance with the License.
  14:Drivers/CMSIS/Include/cmsis_gcc.h ****  * You may obtain a copy of the License at
  15:Drivers/CMSIS/Include/cmsis_gcc.h ****  *
  16:Drivers/CMSIS/Include/cmsis_gcc.h ****  * www.apache.org/licenses/LICENSE-2.0
  17:Drivers/CMSIS/Include/cmsis_gcc.h ****  *
  18:Drivers/CMSIS/Include/cmsis_gcc.h ****  * Unless required by applicable law or agreed to in writing, software
  19:Drivers/CMSIS/Include/cmsis_gcc.h ****  * distributed under the License is distributed on an AS IS BASIS, WITHOUT
  20:Drivers/CMSIS/Include/cmsis_gcc.h ****  * WARRANTIES OR CONDITIONS OF ANY KIND, either express or implied.
  21:Drivers/CMSIS/Include/cmsis_gcc.h ****  * See the License for the specific language governing permissions and
  22:Drivers/CMSIS/Include/cmsis_gcc.h ****  * limitations under the License.
  23:Drivers/CMSIS/Include/cmsis_gcc.h ****  */
  24:Drivers/CMSIS/Include/cmsis_gcc.h **** 
  25:Drivers/CMSIS/Include/cmsis_gcc.h **** #ifndef __CMSIS_GCC_H
  26:Drivers/CMSIS/Include/cmsis_gcc.h **** #define __CMSIS_GCC_H
  27:Drivers/CMSIS/Include/cmsis_gcc.h **** 
  28:Drivers/CMSIS/Include/cmsis_gcc.h **** /* ignore some GCC warnings */
  29:Drivers/CMSIS/Include/cmsis_gcc.h **** #pragma GCC diagnostic push
  30:Drivers/CMSIS/Include/cmsis_gcc.h **** #pragma GCC diagnostic ignored "-Wsign-conversion"
  31:Drivers/CMSIS/Include/cmsis_gcc.h **** #pragma GCC diagnostic ignored "-Wconversion"
  32:Drivers/CMSIS/Include/cmsis_gcc.h **** #pragma GCC diagnostic ignored "-Wunused-parameter"
  33:Drivers/CMSIS/Include/cmsis_gcc.h **** 
  34:Drivers/CMSIS/Include/cmsis_gcc.h **** /* Fallback for __has_builtin */
  35:Drivers/CMSIS/Include/cmsis_gcc.h **** #ifndef __has_builtin
  36:Drivers/CMSIS/Include/cmsis_gcc.h ****   #define __has_builtin(x) (0)
  37:Drivers/CMSIS/Include/cmsis_gcc.h **** #endif
  38:Drivers/CMSIS/Include/cmsis_gcc.h **** 
  39:Drivers/CMSIS/Include/cmsis_gcc.h **** /* CMSIS compiler specific defines */
  40:Drivers/CMSIS/Include/cmsis_gcc.h **** #ifndef   __ASM
  41:Drivers/CMSIS/Include/cmsis_gcc.h ****   #define __ASM                                  __asm
  42:Drivers/CMSIS/Include/cmsis_gcc.h **** #endif
  43:Drivers/CMSIS/Include/cmsis_gcc.h **** #ifndef   __INLINE
  44:Drivers/CMSIS/Include/cmsis_gcc.h ****   #define __INLINE                               inline
  45:Drivers/CMSIS/Include/cmsis_gcc.h **** #endif
  46:Drivers/CMSIS/Include/cmsis_gcc.h **** #ifndef   __STATIC_INLINE
  47:Drivers/CMSIS/Include/cmsis_gcc.h ****   #define __STATIC_INLINE                        static inline
  48:Drivers/CMSIS/Include/cmsis_gcc.h **** #endif
  49:Drivers/CMSIS/Include/cmsis_gcc.h **** #ifndef   __STATIC_FORCEINLINE                 
  50:Drivers/CMSIS/Include/cmsis_gcc.h ****   #define __STATIC_FORCEINLINE                   __attribute__((always_inline)) static inline
  51:Drivers/CMSIS/Include/cmsis_gcc.h **** #endif                                           
  52:Drivers/CMSIS/Include/cmsis_gcc.h **** #ifndef   __NO_RETURN
  53:Drivers/CMSIS/Include/cmsis_gcc.h ****   #define __NO_RETURN                            __attribute__((__noreturn__))
  54:Drivers/CMSIS/Include/cmsis_gcc.h **** #endif
  55:Drivers/CMSIS/Include/cmsis_gcc.h **** #ifndef   __USED
  56:Drivers/CMSIS/Include/cmsis_gcc.h ****   #define __USED                                 __attribute__((used))
  57:Drivers/CMSIS/Include/cmsis_gcc.h **** #endif
  58:Drivers/CMSIS/Include/cmsis_gcc.h **** #ifndef   __WEAK
  59:Drivers/CMSIS/Include/cmsis_gcc.h ****   #define __WEAK                                 __attribute__((weak))
  60:Drivers/CMSIS/Include/cmsis_gcc.h **** #endif
  61:Drivers/CMSIS/Include/cmsis_gcc.h **** #ifndef   __PACKED
  62:Drivers/CMSIS/Include/cmsis_gcc.h ****   #define __PACKED                               __attribute__((packed, aligned(1)))
  63:Drivers/CMSIS/Include/cmsis_gcc.h **** #endif
  64:Drivers/CMSIS/Include/cmsis_gcc.h **** #ifndef   __PACKED_STRUCT
  65:Drivers/CMSIS/Include/cmsis_gcc.h ****   #define __PACKED_STRUCT                        struct __attribute__((packed, aligned(1)))
ARM GAS  /tmp/ccVwGsD2.s 			page 4


  66:Drivers/CMSIS/Include/cmsis_gcc.h **** #endif
  67:Drivers/CMSIS/Include/cmsis_gcc.h **** #ifndef   __PACKED_UNION
  68:Drivers/CMSIS/Include/cmsis_gcc.h ****   #define __PACKED_UNION                         union __attribute__((packed, aligned(1)))
  69:Drivers/CMSIS/Include/cmsis_gcc.h **** #endif
  70:Drivers/CMSIS/Include/cmsis_gcc.h **** #ifndef   __UNALIGNED_UINT32        /* deprecated */
  71:Drivers/CMSIS/Include/cmsis_gcc.h ****   #pragma GCC diagnostic push
  72:Drivers/CMSIS/Include/cmsis_gcc.h ****   #pragma GCC diagnostic ignored "-Wpacked"
  73:Drivers/CMSIS/Include/cmsis_gcc.h ****   #pragma GCC diagnostic ignored "-Wattributes"
  74:Drivers/CMSIS/Include/cmsis_gcc.h ****   struct __attribute__((packed)) T_UINT32 { uint32_t v; };
  75:Drivers/CMSIS/Include/cmsis_gcc.h ****   #pragma GCC diagnostic pop
  76:Drivers/CMSIS/Include/cmsis_gcc.h ****   #define __UNALIGNED_UINT32(x)                  (((struct T_UINT32 *)(x))->v)
  77:Drivers/CMSIS/Include/cmsis_gcc.h **** #endif
  78:Drivers/CMSIS/Include/cmsis_gcc.h **** #ifndef   __UNALIGNED_UINT16_WRITE
  79:Drivers/CMSIS/Include/cmsis_gcc.h ****   #pragma GCC diagnostic push
  80:Drivers/CMSIS/Include/cmsis_gcc.h ****   #pragma GCC diagnostic ignored "-Wpacked"
  81:Drivers/CMSIS/Include/cmsis_gcc.h ****   #pragma GCC diagnostic ignored "-Wattributes"
  82:Drivers/CMSIS/Include/cmsis_gcc.h ****   __PACKED_STRUCT T_UINT16_WRITE { uint16_t v; };
  83:Drivers/CMSIS/Include/cmsis_gcc.h ****   #pragma GCC diagnostic pop
  84:Drivers/CMSIS/Include/cmsis_gcc.h ****   #define __UNALIGNED_UINT16_WRITE(addr, val)    (void)((((struct T_UINT16_WRITE *)(void *)(addr))-
  85:Drivers/CMSIS/Include/cmsis_gcc.h **** #endif
  86:Drivers/CMSIS/Include/cmsis_gcc.h **** #ifndef   __UNALIGNED_UINT16_READ
  87:Drivers/CMSIS/Include/cmsis_gcc.h ****   #pragma GCC diagnostic push
  88:Drivers/CMSIS/Include/cmsis_gcc.h ****   #pragma GCC diagnostic ignored "-Wpacked"
  89:Drivers/CMSIS/Include/cmsis_gcc.h ****   #pragma GCC diagnostic ignored "-Wattributes"
  90:Drivers/CMSIS/Include/cmsis_gcc.h ****   __PACKED_STRUCT T_UINT16_READ { uint16_t v; };
  91:Drivers/CMSIS/Include/cmsis_gcc.h ****   #pragma GCC diagnostic pop
  92:Drivers/CMSIS/Include/cmsis_gcc.h ****   #define __UNALIGNED_UINT16_READ(addr)          (((const struct T_UINT16_READ *)(const void *)(add
  93:Drivers/CMSIS/Include/cmsis_gcc.h **** #endif
  94:Drivers/CMSIS/Include/cmsis_gcc.h **** #ifndef   __UNALIGNED_UINT32_WRITE
  95:Drivers/CMSIS/Include/cmsis_gcc.h ****   #pragma GCC diagnostic push
  96:Drivers/CMSIS/Include/cmsis_gcc.h ****   #pragma GCC diagnostic ignored "-Wpacked"
  97:Drivers/CMSIS/Include/cmsis_gcc.h ****   #pragma GCC diagnostic ignored "-Wattributes"
  98:Drivers/CMSIS/Include/cmsis_gcc.h ****   __PACKED_STRUCT T_UINT32_WRITE { uint32_t v; };
  99:Drivers/CMSIS/Include/cmsis_gcc.h ****   #pragma GCC diagnostic pop
 100:Drivers/CMSIS/Include/cmsis_gcc.h ****   #define __UNALIGNED_UINT32_WRITE(addr, val)    (void)((((struct T_UINT32_WRITE *)(void *)(addr))-
 101:Drivers/CMSIS/Include/cmsis_gcc.h **** #endif
 102:Drivers/CMSIS/Include/cmsis_gcc.h **** #ifndef   __UNALIGNED_UINT32_READ
 103:Drivers/CMSIS/Include/cmsis_gcc.h ****   #pragma GCC diagnostic push
 104:Drivers/CMSIS/Include/cmsis_gcc.h ****   #pragma GCC diagnostic ignored "-Wpacked"
 105:Drivers/CMSIS/Include/cmsis_gcc.h ****   #pragma GCC diagnostic ignored "-Wattributes"
 106:Drivers/CMSIS/Include/cmsis_gcc.h ****   __PACKED_STRUCT T_UINT32_READ { uint32_t v; };
 107:Drivers/CMSIS/Include/cmsis_gcc.h ****   #pragma GCC diagnostic pop
 108:Drivers/CMSIS/Include/cmsis_gcc.h ****   #define __UNALIGNED_UINT32_READ(addr)          (((const struct T_UINT32_READ *)(const void *)(add
 109:Drivers/CMSIS/Include/cmsis_gcc.h **** #endif
 110:Drivers/CMSIS/Include/cmsis_gcc.h **** #ifndef   __ALIGNED
 111:Drivers/CMSIS/Include/cmsis_gcc.h ****   #define __ALIGNED(x)                           __attribute__((aligned(x)))
 112:Drivers/CMSIS/Include/cmsis_gcc.h **** #endif
 113:Drivers/CMSIS/Include/cmsis_gcc.h **** #ifndef   __RESTRICT
 114:Drivers/CMSIS/Include/cmsis_gcc.h ****   #define __RESTRICT                             __restrict
 115:Drivers/CMSIS/Include/cmsis_gcc.h **** #endif
 116:Drivers/CMSIS/Include/cmsis_gcc.h **** 
 117:Drivers/CMSIS/Include/cmsis_gcc.h **** 
 118:Drivers/CMSIS/Include/cmsis_gcc.h **** /* ###########################  Core Function Access  ########################### */
 119:Drivers/CMSIS/Include/cmsis_gcc.h **** /** \ingroup  CMSIS_Core_FunctionInterface
 120:Drivers/CMSIS/Include/cmsis_gcc.h ****     \defgroup CMSIS_Core_RegAccFunctions CMSIS Core Register Access Functions
 121:Drivers/CMSIS/Include/cmsis_gcc.h ****   @{
 122:Drivers/CMSIS/Include/cmsis_gcc.h ****  */
ARM GAS  /tmp/ccVwGsD2.s 			page 5


 123:Drivers/CMSIS/Include/cmsis_gcc.h **** 
 124:Drivers/CMSIS/Include/cmsis_gcc.h **** /**
 125:Drivers/CMSIS/Include/cmsis_gcc.h ****   \brief   Enable IRQ Interrupts
 126:Drivers/CMSIS/Include/cmsis_gcc.h ****   \details Enables IRQ interrupts by clearing the I-bit in the CPSR.
 127:Drivers/CMSIS/Include/cmsis_gcc.h ****            Can only be executed in Privileged modes.
 128:Drivers/CMSIS/Include/cmsis_gcc.h ****  */
 129:Drivers/CMSIS/Include/cmsis_gcc.h **** __STATIC_FORCEINLINE void __enable_irq(void)
 130:Drivers/CMSIS/Include/cmsis_gcc.h **** {
 131:Drivers/CMSIS/Include/cmsis_gcc.h ****   __ASM volatile ("cpsie i" : : : "memory");
 132:Drivers/CMSIS/Include/cmsis_gcc.h **** }
 133:Drivers/CMSIS/Include/cmsis_gcc.h **** 
 134:Drivers/CMSIS/Include/cmsis_gcc.h **** 
 135:Drivers/CMSIS/Include/cmsis_gcc.h **** /**
 136:Drivers/CMSIS/Include/cmsis_gcc.h ****   \brief   Disable IRQ Interrupts
 137:Drivers/CMSIS/Include/cmsis_gcc.h ****   \details Disables IRQ interrupts by setting the I-bit in the CPSR.
 138:Drivers/CMSIS/Include/cmsis_gcc.h ****            Can only be executed in Privileged modes.
 139:Drivers/CMSIS/Include/cmsis_gcc.h ****  */
 140:Drivers/CMSIS/Include/cmsis_gcc.h **** __STATIC_FORCEINLINE void __disable_irq(void)
  37              		.loc 2 140 27 view .LVU2
  38              	.LBB5:
 141:Drivers/CMSIS/Include/cmsis_gcc.h **** {
 142:Drivers/CMSIS/Include/cmsis_gcc.h ****   __ASM volatile ("cpsid i" : : : "memory");
  39              		.loc 2 142 3 view .LVU3
  40              		.syntax divided
  41              	@ 142 "Drivers/CMSIS/Include/cmsis_gcc.h" 1
  42 0000 72B6     		cpsid i
  43              	@ 0 "" 2
  44              		.thumb
  45              		.syntax unified
  46              	.L2:
  47              	.LBE5:
  48              	.LBE4:
  72:Core/Src/main.c ****   while (1) {
  49              		.loc 1 72 3 view .LVU4
  73:Core/Src/main.c ****   }
  50              		.loc 1 73 3 view .LVU5
  72:Core/Src/main.c ****   while (1) {
  51              		.loc 1 72 9 view .LVU6
  52 0002 FEE7     		b	.L2
  53              		.cfi_endproc
  54              	.LFE42:
  56              		.section	.text.SystemClock_Config,"ax",%progbits
  57              		.align	1
  58              		.global	SystemClock_Config
  59              		.syntax unified
  60              		.code	16
  61              		.thumb_func
  63              	SystemClock_Config:
  64              	.LFB41:
  47:Core/Src/main.c ****   RCC_OscInitTypeDef RCC_OscInitStruct = {0};
  65              		.loc 1 47 31 view -0
  66              		.cfi_startproc
  67              		@ args = 0, pretend = 0, frame = 72
  68              		@ frame_needed = 0, uses_anonymous_args = 0
  69 0000 10B5     		push	{r4, lr}
  70              	.LCFI0:
  71              		.cfi_def_cfa_offset 8
ARM GAS  /tmp/ccVwGsD2.s 			page 6


  72              		.cfi_offset 4, -8
  73              		.cfi_offset 14, -4
  74 0002 92B0     		sub	sp, sp, #72
  75              	.LCFI1:
  76              		.cfi_def_cfa_offset 80
  48:Core/Src/main.c ****   RCC_ClkInitTypeDef RCC_ClkInitStruct = {0};
  77              		.loc 1 48 3 view .LVU8
  48:Core/Src/main.c ****   RCC_ClkInitTypeDef RCC_ClkInitStruct = {0};
  78              		.loc 1 48 22 is_stmt 0 view .LVU9
  79 0004 05AC     		add	r4, sp, #20
  80 0006 3422     		movs	r2, #52
  81 0008 0021     		movs	r1, #0
  82 000a 2000     		movs	r0, r4
  83 000c FFF7FEFF 		bl	memset
  84              	.LVL0:
  49:Core/Src/main.c **** 
  85              		.loc 1 49 3 is_stmt 1 view .LVU10
  49:Core/Src/main.c **** 
  86              		.loc 1 49 22 is_stmt 0 view .LVU11
  87 0010 1022     		movs	r2, #16
  88 0012 0021     		movs	r1, #0
  89 0014 01A8     		add	r0, sp, #4
  90 0016 FFF7FEFF 		bl	memset
  91              	.LVL1:
  51:Core/Src/main.c ****   RCC_OscInitStruct.HSIState = RCC_HSI_ON;
  92              		.loc 1 51 3 is_stmt 1 view .LVU12
  51:Core/Src/main.c ****   RCC_OscInitStruct.HSIState = RCC_HSI_ON;
  93              		.loc 1 51 36 is_stmt 0 view .LVU13
  94 001a 0223     		movs	r3, #2
  95 001c 0593     		str	r3, [sp, #20]
  52:Core/Src/main.c ****   RCC_OscInitStruct.HSICalibrationValue = RCC_HSICALIBRATION_DEFAULT;
  96              		.loc 1 52 3 is_stmt 1 view .LVU14
  52:Core/Src/main.c ****   RCC_OscInitStruct.HSICalibrationValue = RCC_HSICALIBRATION_DEFAULT;
  97              		.loc 1 52 30 is_stmt 0 view .LVU15
  98 001e 013B     		subs	r3, r3, #1
  99 0020 0893     		str	r3, [sp, #32]
  53:Core/Src/main.c ****   RCC_OscInitStruct.PLL.PLLState = RCC_PLL_NONE;
 100              		.loc 1 53 3 is_stmt 1 view .LVU16
  53:Core/Src/main.c ****   RCC_OscInitStruct.PLL.PLLState = RCC_PLL_NONE;
 101              		.loc 1 53 41 is_stmt 0 view .LVU17
 102 0022 0F33     		adds	r3, r3, #15
 103 0024 0993     		str	r3, [sp, #36]
  54:Core/Src/main.c ****   if (HAL_RCC_OscConfig(&RCC_OscInitStruct) != HAL_OK) {
 104              		.loc 1 54 3 is_stmt 1 view .LVU18
  55:Core/Src/main.c ****     Error_Handler();
 105              		.loc 1 55 3 view .LVU19
  55:Core/Src/main.c ****     Error_Handler();
 106              		.loc 1 55 7 is_stmt 0 view .LVU20
 107 0026 2000     		movs	r0, r4
 108 0028 FFF7FEFF 		bl	HAL_RCC_OscConfig
 109              	.LVL2:
  55:Core/Src/main.c ****     Error_Handler();
 110              		.loc 1 55 6 discriminator 1 view .LVU21
 111 002c 0028     		cmp	r0, #0
 112 002e 0DD1     		bne	.L6
  59:Core/Src/main.c ****       RCC_CLOCKTYPE_HCLK | RCC_CLOCKTYPE_SYSCLK | RCC_CLOCKTYPE_PCLK1;
 113              		.loc 1 59 3 is_stmt 1 view .LVU22
ARM GAS  /tmp/ccVwGsD2.s 			page 7


  59:Core/Src/main.c ****       RCC_CLOCKTYPE_HCLK | RCC_CLOCKTYPE_SYSCLK | RCC_CLOCKTYPE_PCLK1;
 114              		.loc 1 59 31 is_stmt 0 view .LVU23
 115 0030 01A8     		add	r0, sp, #4
 116 0032 0723     		movs	r3, #7
 117 0034 0193     		str	r3, [sp, #4]
  61:Core/Src/main.c ****   RCC_ClkInitStruct.AHBCLKDivider = RCC_SYSCLK_DIV1;
 118              		.loc 1 61 3 is_stmt 1 view .LVU24
  61:Core/Src/main.c ****   RCC_ClkInitStruct.AHBCLKDivider = RCC_SYSCLK_DIV1;
 119              		.loc 1 61 34 is_stmt 0 view .LVU25
 120 0036 0023     		movs	r3, #0
 121 0038 4360     		str	r3, [r0, #4]
  62:Core/Src/main.c ****   RCC_ClkInitStruct.APB1CLKDivider = RCC_HCLK_DIV1;
 122              		.loc 1 62 3 is_stmt 1 view .LVU26
  62:Core/Src/main.c ****   RCC_ClkInitStruct.APB1CLKDivider = RCC_HCLK_DIV1;
 123              		.loc 1 62 35 is_stmt 0 view .LVU27
 124 003a 8360     		str	r3, [r0, #8]
  63:Core/Src/main.c **** 
 125              		.loc 1 63 3 is_stmt 1 view .LVU28
  63:Core/Src/main.c **** 
 126              		.loc 1 63 36 is_stmt 0 view .LVU29
 127 003c C360     		str	r3, [r0, #12]
  65:Core/Src/main.c ****     Error_Handler();
 128              		.loc 1 65 3 is_stmt 1 view .LVU30
  65:Core/Src/main.c ****     Error_Handler();
 129              		.loc 1 65 7 is_stmt 0 view .LVU31
 130 003e 0021     		movs	r1, #0
 131 0040 FFF7FEFF 		bl	HAL_RCC_ClockConfig
 132              	.LVL3:
  65:Core/Src/main.c ****     Error_Handler();
 133              		.loc 1 65 6 discriminator 1 view .LVU32
 134 0044 0028     		cmp	r0, #0
 135 0046 03D1     		bne	.L7
  68:Core/Src/main.c **** 
 136              		.loc 1 68 1 view .LVU33
 137 0048 12B0     		add	sp, sp, #72
 138              		@ sp needed
 139 004a 10BD     		pop	{r4, pc}
 140              	.L6:
  56:Core/Src/main.c ****   }
 141              		.loc 1 56 5 is_stmt 1 view .LVU34
 142 004c FFF7FEFF 		bl	Error_Handler
 143              	.LVL4:
 144              	.L7:
  66:Core/Src/main.c ****   }
 145              		.loc 1 66 5 view .LVU35
 146 0050 FFF7FEFF 		bl	Error_Handler
 147              	.LVL5:
 148              		.cfi_endproc
 149              	.LFE41:
 151              		.section	.rodata.main.str1.4,"aMS",%progbits,1
 152              		.align	2
 153              	.LC1:
 154 0000 4D617274 		.ascii	"Martin Grani\000"
 154      696E2047 
 154      72616E69 
 154      00
 155              		.section	.text.main,"ax",%progbits
ARM GAS  /tmp/ccVwGsD2.s 			page 8


 156              		.align	1
 157              		.global	main
 158              		.syntax unified
 159              		.code	16
 160              		.thumb_func
 162              	main:
 163              	.LFB40:
  10:Core/Src/main.c **** 
 164              		.loc 1 10 16 view -0
 165              		.cfi_startproc
 166              		@ args = 0, pretend = 0, frame = 0
 167              		@ frame_needed = 0, uses_anonymous_args = 0
 168 0000 70B5     		push	{r4, r5, r6, lr}
 169              	.LCFI2:
 170              		.cfi_def_cfa_offset 16
 171              		.cfi_offset 4, -16
 172              		.cfi_offset 5, -12
 173              		.cfi_offset 6, -8
 174              		.cfi_offset 14, -4
  12:Core/Src/main.c ****   SystemClock_Config();
 175              		.loc 1 12 3 view .LVU37
 176 0002 FFF7FEFF 		bl	HAL_Init
 177              	.LVL6:
  13:Core/Src/main.c **** 
 178              		.loc 1 13 3 view .LVU38
 179 0006 FFF7FEFF 		bl	SystemClock_Config
 180              	.LVL7:
  15:Core/Src/main.c ****   i2c_init();
 181              		.loc 1 15 3 view .LVU39
 182 000a FFF7FEFF 		bl	onboard_led_init
 183              	.LVL8:
  16:Core/Src/main.c **** 
 184              		.loc 1 16 3 view .LVU40
 185 000e FFF7FEFF 		bl	i2c_init
 186              	.LVL9:
  18:Core/Src/main.c **** 
 187              		.loc 1 18 3 view .LVU41
  18:Core/Src/main.c **** 
 188              		.loc 1 18 18 is_stmt 0 view .LVU42
 189 0012 FFF7FEFF 		bl	u8g2_port_init
 190              	.LVL10:
 191 0016 0500     		movs	r5, r0
 192              	.LVL11:
  21:Core/Src/main.c ****   const char *text = "Martin Grani";
 193              		.loc 1 21 3 is_stmt 1 view .LVU43
 194 0018 1149     		ldr	r1, .L12
 195 001a FFF7FEFF 		bl	u8g2_SetFont
 196              	.LVL12:
  22:Core/Src/main.c ****   int16_t text_width = u8g2_GetStrWidth(u8g2, text);
 197              		.loc 1 22 3 view .LVU44
  23:Core/Src/main.c ****   int16_t x = 128;  // Start off-screen right
 198              		.loc 1 23 3 view .LVU45
  23:Core/Src/main.c ****   int16_t x = 128;  // Start off-screen right
 199              		.loc 1 23 24 is_stmt 0 view .LVU46
 200 001e 1149     		ldr	r1, .L12+4
 201 0020 2800     		movs	r0, r5
 202 0022 FFF7FEFF 		bl	u8g2_GetStrWidth
ARM GAS  /tmp/ccVwGsD2.s 			page 9


 203              	.LVL13:
  23:Core/Src/main.c ****   int16_t x = 128;  // Start off-screen right
 204              		.loc 1 23 11 discriminator 1 view .LVU47
 205 0026 06B2     		sxth	r6, r0
 206              	.LVL14:
  24:Core/Src/main.c **** 
 207              		.loc 1 24 3 is_stmt 1 view .LVU48
  24:Core/Src/main.c **** 
 208              		.loc 1 24 11 is_stmt 0 view .LVU49
 209 0028 8024     		movs	r4, #128
 210 002a 04E0     		b	.L10
 211              	.LVL15:
 212              	.L9:
  42:Core/Src/main.c ****     HAL_Delay(30);
 213              		.loc 1 42 5 is_stmt 1 view .LVU50
 214 002c FFF7FEFF 		bl	onboard_led_toggle
 215              	.LVL16:
  43:Core/Src/main.c ****   }
 216              		.loc 1 43 5 view .LVU51
 217 0030 1E20     		movs	r0, #30
 218 0032 FFF7FEFF 		bl	HAL_Delay
 219              	.LVL17:
  26:Core/Src/main.c ****     u8g2_ClearBuffer(u8g2);
 220              		.loc 1 26 9 view .LVU52
 221              	.L10:
  26:Core/Src/main.c ****     u8g2_ClearBuffer(u8g2);
 222              		.loc 1 26 3 view .LVU53
  27:Core/Src/main.c **** 
 223              		.loc 1 27 5 view .LVU54
 224 0036 2800     		movs	r0, r5
 225 0038 FFF7FEFF 		bl	u8g2_ClearBuffer
 226              	.LVL18:
  30:Core/Src/main.c **** 
 227              		.loc 1 30 5 view .LVU55
 228 003c A4B2     		uxth	r4, r4
  30:Core/Src/main.c **** 
 229              		.loc 1 30 5 is_stmt 0 view .LVU56
 230 003e 094B     		ldr	r3, .L12+4
 231 0040 2622     		movs	r2, #38
 232 0042 2100     		movs	r1, r4
 233 0044 2800     		movs	r0, r5
 234 0046 FFF7FEFF 		bl	u8g2_DrawStr
 235              	.LVL19:
  32:Core/Src/main.c **** 
 236              		.loc 1 32 5 is_stmt 1 view .LVU57
 237 004a 2800     		movs	r0, r5
 238 004c FFF7FEFF 		bl	u8g2_SendBuffer
 239              	.LVL20:
  35:Core/Src/main.c **** 
 240              		.loc 1 35 5 view .LVU58
  35:Core/Src/main.c **** 
 241              		.loc 1 35 7 is_stmt 0 view .LVU59
 242 0050 053C     		subs	r4, r4, #5
 243              	.LVL21:
  35:Core/Src/main.c **** 
 244              		.loc 1 35 7 view .LVU60
 245 0052 24B2     		sxth	r4, r4
ARM GAS  /tmp/ccVwGsD2.s 			page 10


 246              	.LVL22:
  38:Core/Src/main.c ****       x = 128;
 247              		.loc 1 38 5 is_stmt 1 view .LVU61
  38:Core/Src/main.c ****       x = 128;
 248              		.loc 1 38 13 is_stmt 0 view .LVU62
 249 0054 7342     		rsbs	r3, r6, #0
  38:Core/Src/main.c ****       x = 128;
 250              		.loc 1 38 8 view .LVU63
 251 0056 9C42     		cmp	r4, r3
 252 0058 E8DA     		bge	.L9
  39:Core/Src/main.c ****     }
 253              		.loc 1 39 9 view .LVU64
 254 005a 8024     		movs	r4, #128
 255              	.LVL23:
  39:Core/Src/main.c ****     }
 256              		.loc 1 39 9 view .LVU65
 257 005c E6E7     		b	.L9
 258              	.L13:
 259 005e C046     		.align	2
 260              	.L12:
 261 0060 00000000 		.word	u8g2_font_helvB12_tr
 262 0064 00000000 		.word	.LC1
 263              		.cfi_endproc
 264              	.LFE40:
 266              		.text
 267              	.Letext0:
 268              		.file 3 "/opt/gcc-arm-none-eabi/arm-none-eabi/include/machine/_default_types.h"
 269              		.file 4 "/opt/gcc-arm-none-eabi/arm-none-eabi/include/sys/_stdint.h"
 270              		.file 5 "Drivers/STM32F0xx_HAL_Driver/Inc/stm32f0xx_hal_def.h"
 271              		.file 6 "Drivers/STM32F0xx_HAL_Driver/Inc/stm32f0xx_hal_rcc.h"
 272              		.file 7 "Drivers/u8g2/csrc/u8x8.h"
 273              		.file 8 "Drivers/u8g2/csrc/u8g2.h"
 274              		.file 9 "Drivers/STM32F0xx_HAL_Driver/Inc/stm32f0xx_hal.h"
 275              		.file 10 "Core/Inc/tests.h"
 276              		.file 11 "Core/Inc/i2c.h"
 277              		.file 12 "Core/Inc/u8g2_port.h"
 278              		.file 13 "<built-in>"
ARM GAS  /tmp/ccVwGsD2.s 			page 11


DEFINED SYMBOLS
                            *ABS*:00000000 main.c
     /tmp/ccVwGsD2.s:19     .text.Error_Handler:00000000 $t
     /tmp/ccVwGsD2.s:25     .text.Error_Handler:00000000 Error_Handler
     /tmp/ccVwGsD2.s:57     .text.SystemClock_Config:00000000 $t
     /tmp/ccVwGsD2.s:63     .text.SystemClock_Config:00000000 SystemClock_Config
     /tmp/ccVwGsD2.s:152    .rodata.main.str1.4:00000000 $d
     /tmp/ccVwGsD2.s:156    .text.main:00000000 $t
     /tmp/ccVwGsD2.s:162    .text.main:00000000 main
     /tmp/ccVwGsD2.s:261    .text.main:00000060 $d

UNDEFINED SYMBOLS
memset
HAL_RCC_OscConfig
HAL_RCC_ClockConfig
HAL_Init
onboard_led_init
i2c_init
u8g2_port_init
u8g2_SetFont
u8g2_GetStrWidth
onboard_led_toggle
HAL_Delay
u8g2_ClearBuffer
u8g2_DrawStr
u8g2_SendBuffer
u8g2_font_helvB12_tr
