Archive member included to satisfy reference by file (symbol)

/opt/gcc-arm-none-eabi/bin/../lib/gcc/arm-none-eabi/14.3.1/../../../../arm-none-eabi/lib/thumb/v6-m/nofp/libc_nano.a(libc_a-exit.o)
                              /opt/gcc-arm-none-eabi/bin/../lib/gcc/arm-none-eabi/14.3.1/../../../../arm-none-eabi/lib/thumb/v6-m/nofp/crt0.o (exit)
/opt/gcc-arm-none-eabi/bin/../lib/gcc/arm-none-eabi/14.3.1/../../../../arm-none-eabi/lib/thumb/v6-m/nofp/libc_nano.a(libc_a-findfp.o)
                              /opt/gcc-arm-none-eabi/bin/../lib/gcc/arm-none-eabi/14.3.1/../../../../arm-none-eabi/lib/thumb/v6-m/nofp/libc_nano.a(libc_a-exit.o) (__stdio_exit_handler)
/opt/gcc-arm-none-eabi/bin/../lib/gcc/arm-none-eabi/14.3.1/../../../../arm-none-eabi/lib/thumb/v6-m/nofp/libc_nano.a(libc_a-fwalk.o)
                              /opt/gcc-arm-none-eabi/bin/../lib/gcc/arm-none-eabi/14.3.1/../../../../arm-none-eabi/lib/thumb/v6-m/nofp/libc_nano.a(libc_a-findfp.o) (_fwalk_sglue)
/opt/gcc-arm-none-eabi/bin/../lib/gcc/arm-none-eabi/14.3.1/../../../../arm-none-eabi/lib/thumb/v6-m/nofp/libc_nano.a(libc_a-snprintf.o)
                              build/main.o (snprintf)
/opt/gcc-arm-none-eabi/bin/../lib/gcc/arm-none-eabi/14.3.1/../../../../arm-none-eabi/lib/thumb/v6-m/nofp/libc_nano.a(libc_a-stdio.o)
                              /opt/gcc-arm-none-eabi/bin/../lib/gcc/arm-none-eabi/14.3.1/../../../../arm-none-eabi/lib/thumb/v6-m/nofp/libc_nano.a(libc_a-findfp.o) (__sread)
/opt/gcc-arm-none-eabi/bin/../lib/gcc/arm-none-eabi/14.3.1/../../../../arm-none-eabi/lib/thumb/v6-m/nofp/libc_nano.a(libc_a-memset.o)
                              /opt/gcc-arm-none-eabi/bin/../lib/gcc/arm-none-eabi/14.3.1/../../../../arm-none-eabi/lib/thumb/v6-m/nofp/crt0.o (memset)
/opt/gcc-arm-none-eabi/bin/../lib/gcc/arm-none-eabi/14.3.1/../../../../arm-none-eabi/lib/thumb/v6-m/nofp/libc_nano.a(libc_a-closer.o)
                              /opt/gcc-arm-none-eabi/bin/../lib/gcc/arm-none-eabi/14.3.1/../../../../arm-none-eabi/lib/thumb/v6-m/nofp/libc_nano.a(libc_a-stdio.o) (_close_r)
/opt/gcc-arm-none-eabi/bin/../lib/gcc/arm-none-eabi/14.3.1/../../../../arm-none-eabi/lib/thumb/v6-m/nofp/libc_nano.a(libc_a-reent.o)
                              /opt/gcc-arm-none-eabi/bin/../lib/gcc/arm-none-eabi/14.3.1/../../../../arm-none-eabi/lib/thumb/v6-m/nofp/libc_nano.a(libc_a-closer.o) (errno)
/opt/gcc-arm-none-eabi/bin/../lib/gcc/arm-none-eabi/14.3.1/../../../../arm-none-eabi/lib/thumb/v6-m/nofp/libc_nano.a(libc_a-impure.o)
                              /opt/gcc-arm-none-eabi/bin/../lib/gcc/arm-none-eabi/14.3.1/../../../../arm-none-eabi/lib/thumb/v6-m/nofp/libc_nano.a(libc_a-snprintf.o) (_impure_ptr)
/opt/gcc-arm-none-eabi/bin/../lib/gcc/arm-none-eabi/14.3.1/../../../../arm-none-eabi/lib/thumb/v6-m/nofp/libc_nano.a(libc_a-lseekr.o)
                              /opt/gcc-arm-none-eabi/bin/../lib/gcc/arm-none-eabi/14.3.1/../../../../arm-none-eabi/lib/thumb/v6-m/nofp/libc_nano.a(libc_a-stdio.o) (_lseek_r)
/opt/gcc-arm-none-eabi/bin/../lib/gcc/arm-none-eabi/14.3.1/../../../../arm-none-eabi/lib/thumb/v6-m/nofp/libc_nano.a(libc_a-readr.o)
                              /opt/gcc-arm-none-eabi/bin/../lib/gcc/arm-none-eabi/14.3.1/../../../../arm-none-eabi/lib/thumb/v6-m/nofp/libc_nano.a(libc_a-stdio.o) (_read_r)
/opt/gcc-arm-none-eabi/bin/../lib/gcc/arm-none-eabi/14.3.1/../../../../arm-none-eabi/lib/thumb/v6-m/nofp/libc_nano.a(libc_a-writer.o)
                              /opt/gcc-arm-none-eabi/bin/../lib/gcc/arm-none-eabi/14.3.1/../../../../arm-none-eabi/lib/thumb/v6-m/nofp/libc_nano.a(libc_a-stdio.o) (_write_r)
/opt/gcc-arm-none-eabi/bin/../lib/gcc/arm-none-eabi/14.3.1/../../../../arm-none-eabi/lib/thumb/v6-m/nofp/libc_nano.a(libc_a-errno.o)
                              build/sysmem.o (__errno)
/opt/gcc-arm-none-eabi/bin/../lib/gcc/arm-none-eabi/14.3.1/../../../../arm-none-eabi/lib/thumb/v6-m/nofp/libc_nano.a(libc_a-init.o)
                              /opt/gcc-arm-none-eabi/bin/../lib/gcc/arm-none-eabi/14.3.1/../../../../arm-none-eabi/lib/thumb/v6-m/nofp/crt0.o (__libc_init_array)
/opt/gcc-arm-none-eabi/bin/../lib/gcc/arm-none-eabi/14.3.1/../../../../arm-none-eabi/lib/thumb/v6-m/nofp/libc_nano.a(libc_a-lock.o)
                              /opt/gcc-arm-none-eabi/bin/../lib/gcc/arm-none-eabi/14.3.1/../../../../arm-none-eabi/lib/thumb/v6-m/nofp/libc_nano.a(libc_a-findfp.o) (__retarget_lock_init_recursive)
/opt/gcc-arm-none-eabi/bin/../lib/gcc/arm-none-eabi/14.3.1/../../../../arm-none-eabi/lib/thumb/v6-m/nofp/libc_nano.a(libc_a-freer.o)
                              /opt/gcc-arm-none-eabi/bin/../lib/gcc/arm-none-eabi/14.3.1/../../../../arm-none-eabi/lib/thumb/v6-m/nofp/libc_nano.a(libc_a-reent.o) (_free_r)
/opt/gcc-arm-none-eabi/bin/../lib/gcc/arm-none-eabi/14.3.1/../../../../arm-none-eabi/lib/thumb/v6-m/nofp/libc_nano.a(libc_a-mallocr.o)
[...]
Memory Configuration

Name             Origin             Length             Attributes
RAM              0x20000000         0x00001800         xrw
FLASH            0x08000000         0x00004000         xr
*default*        0x00000000         0xffffffff

Linker script and memory map

LOAD /opt/gcc-arm-none-eabi/bin/../lib/gcc/arm-none-eabi/14.3.1/thumb/v6-m/nofp/crti.o
LOAD /opt/gcc-arm-none-eabi/bin/../lib/gcc/arm-none-eabi/14.3.1/thumb/v6-m/nofp/crtbegin.o
LOAD /opt/gcc-arm-none-eabi/bin/../lib/gcc/arm-none-eabi/14.3.1/../../../../arm-none-eabi/lib/thumb/v6-m/nofp/crt0.o
LOAD build/main.o
LOAD build/stm32f0xx_it.o
LOAD build/stm32f0xx_hal_msp.o
LOAD build/stm32f0xx_hal_rcc.o
LOAD build/stm32f0xx_hal_rcc_ex.o
LOAD build/stm32f0xx_hal.o
LOAD build/stm32f0xx_hal_i2c.o
LOAD build/stm32f0xx_hal_i2c_ex.o
LOAD build/stm32f0xx_hal_gpio.o
LOAD build/stm32f0xx_hal_dma.o
LOAD build/stm32f0xx_hal_cortex.o
LOAD build/stm32f0xx_hal_pwr.o
LOAD build/stm32f0xx_hal_pwr_ex.o
LOAD build/stm32f0xx_hal_flash.o
LOAD build/stm32f0xx_hal_flash_ex.o
LOAD build/stm32f0xx_hal_exti.o
LOAD build/system_stm32f0xx.o
LOAD build/sysmem.o
LOAD build/syscalls.o
LOAD build/tests.o
LOAD build/i2c.o
LOAD build/delay.o
LOAD build/DHT22.o
LOAD build/u8g2_port.o
LOAD build/u8g2_buffer.o
LOAD build/u8g2_setup.o
LOAD build/u8g2_cleardisplay.o
LOAD build/u8g2_message.o
LOAD build/u8g2_d_memory.o
LOAD build/u8g2_box.o
LOAD build/u8g2_font.o
LOAD build/u8g2_fonts.o
LOAD build/u8x8_display.o
LOAD build/u8x8_setup.o
LOAD build/u8x8_byte.o
LOAD build/u8x8_gpio.o
LOAD build/u8x8_d_ssd1306_128x64_noname.o
LOAD build/u8x8_message.o
LOAD build/u8g2_d_setup.o
LOAD build/u8g2_intersection.o
LOAD build/u8g2_hvline.o
LOAD build/u8g2_ll_hvline.o
LOAD build/u8g2_line.o
LOAD build/u8x8_cad.o
LOAD build/u8x8_8x8.o
LOAD build/startup_stm32f042x6.o
LOAD /opt/gcc-arm-none-eabi/bin/../lib/gcc/arm-none-eabi/14.3.1/../../../../arm-none-eabi/lib/thumb/v6-m/nofp/libc_nano.a
LOAD /opt/gcc-arm-none-eabi/bin/../lib/gcc/arm-none-eabi/14.3.1/../../../../arm-none-eabi/lib/thumb/v6-m/nofp/libm.a
LOAD /opt/gcc-arm-none-eabi/bin/../lib/gcc/arm-none-eabi/14.3.1/../../../../arm-none-eabi/lib/thumb/v6-m/nofp/libnosys.a
START GROUP
LOAD /opt/gcc-arm-none-eabi/bin/../lib/gcc/arm-none-eabi/14.3.1/thumb/v6-m/nofp/libgcc.a
LOAD /opt/gcc-arm-none-eabi/bin/../lib/gcc/arm-none-eabi/14.3.1/../../../../arm-none-eabi/lib/thumb/v6-m/nofp/libc_nano.a
END GROUP
START GROUP
LOAD /opt/gcc-arm-none-eabi/bin/../lib/gcc/arm-none-eabi/14.3.1/thumb/v6-m/nofp/libgcc.a
LOAD /opt/gcc-arm-none-eabi/bin/../lib/gcc/arm-none-eabi/14.3.1/../../../../arm-none-eabi/lib/thumb/v6-m/nofp/libc_nano.a
END GROUP
LOAD /opt/gcc-arm-none-eabi/bin/../lib/gcc/arm-none-eabi/14.3.1/thumb/v6-m/nofp/crtend.o
LOAD /opt/gcc-arm-none-eabi/bin/../lib/gcc/arm-none-eabi/14.3.1/thumb/v6-m/nofp/crtn.o
                0x20001800                        _estack = (ORIGIN (RAM) + LENGTH (RAM))
                0x00000200                        _Min_Heap_Size = 0x200
                0x00000400                        _Min_Stack_Size = 0x400

.isr_vector     0x08000000       0xc0
                0x08000000                        . = ALIGN (0x4)
 *(.isr_vector)
 .isr_vector    0x08000000       0xc0 build/startup_stm32f042x6.o
                0x08000000                g_pfnVectors
                0x080000c0                        . = ALIGN (0x4)

.text           0x080000c0     0x2c30
                0x080000c0                        . = ALIGN (0x4)
 *(.text)
 .text          0x080000c0       0x14 /opt/gcc-arm-none-eabi/bin/../lib/gcc/arm-none-eabi/14.3.1/thumb/v6-m/nofp/libgcc.a(_thumb1_case_shi.o)
                0x080000c0                __gnu_thumb1_case_shi
 .text          0x080000d4      0x114 /opt/gcc-arm-none-eabi/bin/../lib/gcc/arm-none-eabi/14.3.1/thumb/v6-m/nofp/libgcc.a(_udivsi3.o)
                0x080000d4                __udivsi3
                0x080000d4                __aeabi_uidiv
                0x080001e0                __aeabi_uidivmod
 .text          0x080001e8      0x1d4 /opt/gcc-arm-none-eabi/bin/../lib/gcc/arm-none-eabi/14.3.1/thumb/v6-m/nofp/libgcc.a(_divsi3.o)
                0x080001e8                __divsi3
                0x080001e8                __aeabi_idiv
                0x080003b4                __aeabi_idivmod
 .text          0x080003bc        0x4 /opt/gcc-arm-none-eabi/bin/../lib/gcc/arm-none-eabi/14.3.1/thumb/v6-m/nofp/libgcc.a(_dvmd_tls.o)
                0x080003bc                __aeabi_ldiv0
                0x080003bc                __aeabi_idiv0
 *(.text*)
 .text.deregister_tm_clones
                0x080003c0       0x20 /opt/gcc-arm-none-eabi/bin/../lib/gcc/arm-none-eabi/14.3.1/thumb/v6-m/nofp/crtbegin.o
 .text.register_tm_clones
                0x080003e0       0x28 /opt/gcc-arm-none-eabi/bin/../lib/gcc/arm-none-eabi/14.3.1/thumb/v6-m/nofp/crtbegin.o
 .text.__do_global_dtors_aux
                0x08000408       0x2c /opt/gcc-arm-none-eabi/bin/../lib/gcc/arm-none-eabi/14.3.1/thumb/v6-m/nofp/crtbegin.o
 .text.frame_dummy
                0x08000434       0x24 /opt/gcc-arm-none-eabi/bin/../lib/gcc/arm-none-eabi/14.3.1/thumb/v6-m/nofp/crtbegin.o
 .text.Error_Handler
                0x08000458        0x4 build/main.o
                0x08000458                Error_Handler
 .text.SystemClock_Config
                0x0800045c       0x54 build/main.o
                0x0800045c                SystemClock_Config
 .text.main     0x080004b0      0x12c build/main.o
                0x080004b0                main
 .text.NMI_Handler
                0x080005dc        0x2 build/stm32f0xx_it.o
                0x080005dc                NMI_Handler
 .text.HardFault_Handler
                0x080005de        0x2 build/stm32f0xx_it.o
                0x080005de                HardFault_Handler
 .text.SVC_Handler
                0x080005e0        0x2 build/stm32f0xx_it.o
                0x080005e0                SVC_Handler
 .text.PendSV_Handler
                0x080005e2        0x2 build/stm32f0xx_it.o
                0x080005e2                PendSV_Handler
 .text.SysTick_Handler
                0x080005e4        0x8 build/stm32f0xx_it.o
                0x080005e4                SysTick_Handler
 .text.HAL_MspInit
                0x080005ec       0x30 build/stm32f0xx_hal_msp.o
                0x080005ec                HAL_MspInit
 .text.HAL_RCC_OscConfig
                0x0800061c      0x544 build/stm32f0xx_hal_rcc.o
                0x0800061c                HAL_RCC_OscConfig
 .text.HAL_RCC_GetSysClockFreq
                0x08000b60       0x78 build/stm32f0xx_hal_rcc.o
                0x08000b60                HAL_RCC_GetSysClockFreq
 .text.HAL_RCC_ClockConfig
                0x08000bd8      0x144 build/stm32f0xx_hal_rcc.o
                0x08000bd8                HAL_RCC_ClockConfig
 .text.HAL_InitTick
                0x08000d1c       0x50 build/stm32f0xx_hal.o
                0x08000d1c                HAL_InitTick
 .text.HAL_Init
                0x08000d6c       0x20 build/stm32f0xx_hal.o
                0x08000d6c                HAL_Init
 .text.HAL_IncTick
                0x08000d8c       0x18 build/stm32f0xx_hal.o
                0x08000d8c                HAL_IncTick
 .text.HAL_GetTick
                0x08000da4        0xc build/stm32f0xx_hal.o
                0x08000da4                HAL_GetTick
 .text.HAL_Delay
                0x08000db0       0x24 build/stm32f0xx_hal.o
                0x08000db0                HAL_Delay
 .text.__NVIC_SetPriority
                0x08000dd4       0x60 build/stm32f0xx_hal_cortex.o
 .text.SysTick_Config
                0x08000e34       0x38 build/stm32f0xx_hal_cortex.o
 .text.HAL_NVIC_SetPriority
                0x08000e6c        0x8 build/stm32f0xx_hal_cortex.o
                0x08000e6c                HAL_NVIC_SetPriority
 .text.HAL_SYSTICK_Config
                0x08000e74        0x8 build/stm32f0xx_hal_cortex.o
                0x08000e74                HAL_SYSTICK_Config
 .text.SystemInit
                0x08000e7c        0x2 build/system_stm32f0xx.o
                0x08000e7c                SystemInit
 *fill*         0x08000e7e        0x2 
 .text._sbrk    0x08000e80       0x48 build/sysmem.o
                0x08000e80                _sbrk
 .text.onboard_led_init
                0x08000ec8       0x28 build/tests.o
                0x08000ec8                onboard_led_init
 .text.onboard_led_toggle
                0x08000ef0       0x10 build/tests.o
                0x08000ef0                onboard_led_toggle
 .text.i2c_init
                0x08000f00       0xac build/i2c.o
                0x08000f00                i2c_init
 .text.i2c_start_write
                0x08000fac       0x2c build/i2c.o
                0x08000fac                i2c_start_write
 .text.i2c_write
                0x08000fd8       0x50 build/i2c.o
                0x08000fd8                i2c_write
 .text.i2c_stop
                0x08001028       0x44 build/i2c.o
                0x08001028                i2c_stop
 .text.delay_ms
                0x0800106c        0x8 build/delay.o
                0x0800106c                delay_ms
 .text.delay_us
                0x08001074       0x18 build/delay.o
                0x08001074                delay_us
 .text.tim2_init_1mhz
                0x0800108c       0x24 build/delay.o
                0x0800108c                tim2_init_1mhz
 .text.bare_delay_us
                0x080010b0       0x14 build/delay.o
                0x080010b0                bare_delay_us
 .text.bare_delay_ms
                0x080010c4       0x18 build/delay.o
                0x080010c4                bare_delay_ms
 .text.micros   0x080010dc        0x8 build/delay.o
                0x080010dc                micros
 .text.configure_input
                0x080010e4       0x18 build/DHT22.o
 .text.configure_output
                0x080010fc       0x34 build/DHT22.o
 .text.output_low
                0x08001130        0xc build/DHT22.o
 .text.output_high
                0x0800113c        0xc build/DHT22.o
 .text.init_dht22
                0x08001148       0x48 build/DHT22.o
                0x08001148                init_dht22
 .text.get_dht22_data_struct
                0x08001190      0x152 build/DHT22.o
                0x08001190                get_dht22_data_struct
 .text.U8x8_byte_hw_i2c
                0x080012e2       0x2c build/u8g2_port.o
                0x080012e2                U8x8_byte_hw_i2c
 .text.U8x8_gpio_and_delay_stm32
                0x0800130e       0x28 build/u8g2_port.o
                0x0800130e                U8x8_gpio_and_delay_stm32
 *fill*         0x08001336        0x2 
 .text.u8g2_port_init
                0x08001338       0x34 build/u8g2_port.o
                0x08001338                u8g2_port_init
 .text.u8g2_send_tile_row
                0x0800136c       0x1e build/u8g2_buffer.o
 .text.u8g2_send_buffer
                0x0800138a       0x38 build/u8g2_buffer.o
 .text.u8g2_ClearBuffer
                0x080013c2       0x18 build/u8g2_buffer.o
                0x080013c2                u8g2_ClearBuffer
 .text.u8g2_SendBuffer
                0x080013da       0x10 build/u8g2_buffer.o
                0x080013da                u8g2_SendBuffer
 .text.u8g2_update_dimension_common
                0x080013ea       0x44 build/u8g2_setup.o
 .text.u8g2_update_dimension_r0
                0x0800142e        0x8 build/u8g2_setup.o
                0x0800142e                u8g2_update_dimension_r0
 .text.u8g2_apply_clip_window
                0x08001436       0x74 build/u8g2_setup.o
 .text.u8g2_update_page_win_r0
                0x080014aa       0x26 build/u8g2_setup.o
                0x080014aa                u8g2_update_page_win_r0
 .text.u8g2_draw_l90_r0
                0x080014d0       0x12 build/u8g2_setup.o
                0x080014d0                u8g2_draw_l90_r0
 .text.u8g2_SetMaxClipWindow
                0x080014e2       0x1e build/u8g2_setup.o
                0x080014e2                u8g2_SetMaxClipWindow
 .text.u8g2_SetupBuffer
                0x08001500       0x46 build/u8g2_setup.o
                0x08001500                u8g2_SetupBuffer
 *fill*         0x08001546        0x2 
 .text.u8g2_m_16_8_f
                0x08001548        0xc build/u8g2_d_memory.o
                0x08001548                u8g2_m_16_8_f
 .text.u8g2_font_get_byte
                0x08001554        0x4 build/u8g2_font.o
 .text.u8g2_font_get_word
                0x08001558        0xe build/u8g2_font.o
 .text.u8g2_font_calc_vref_font
                0x08001566        0x4 build/u8g2_font.o
                0x08001566                u8g2_font_calc_vref_font
 .text.u8g2_read_font_info
                0x0800156a       0xd0 build/u8g2_font.o
                0x0800156a                u8g2_read_font_info
 .text.u8g2_font_decode_get_unsigned_bits
                0x0800163a       0x38 build/u8g2_font.o
                0x0800163a                u8g2_font_decode_get_unsigned_bits
 .text.u8g2_font_setup_decode
                0x08001672       0x34 build/u8g2_font.o
 .text.u8g2_font_decode_get_signed_bits
                0x080016a6       0x16 build/u8g2_font.o
                0x080016a6                u8g2_font_decode_get_signed_bits
 .text.u8g2_add_vector_y
                0x080016bc       0x24 build/u8g2_font.o
                0x080016bc                u8g2_add_vector_y
 .text.u8g2_add_vector_x
                0x080016e0       0x24 build/u8g2_font.o
                0x080016e0                u8g2_add_vector_x
 .text.u8g2_font_decode_len
                0x08001704       0xe8 build/u8g2_font.o
                0x08001704                u8g2_font_decode_len
 .text.u8g2_font_decode_glyph
                0x080017ec      0x172 build/u8g2_font.o
                0x080017ec                u8g2_font_decode_glyph
 .text.u8g2_font_get_glyph_data
                0x0800195e       0x76 build/u8g2_font.o
                0x0800195e                u8g2_font_get_glyph_data
 .text.u8g2_font_draw_glyph
                0x080019d4       0x26 build/u8g2_font.o
 .text.u8g2_GetGlyphWidth
                0x080019fa       0x3e build/u8g2_font.o
                0x080019fa                u8g2_GetGlyphWidth
 .text.u8g2_string_width
                0x08001a38       0x88 build/u8g2_font.o
 .text.u8g2_DrawGlyph
                0x08001ac0       0x54 build/u8g2_font.o
                0x08001ac0                u8g2_DrawGlyph
 .text.u8g2_draw_string
                0x08001b14       0x7c build/u8g2_font.o
 .text.u8g2_DrawStr
                0x08001b90       0x10 build/u8g2_font.o
                0x08001b90                u8g2_DrawStr
 .text.u8g2_UpdateRefHeight
                0x08001ba0       0x60 build/u8g2_font.o
                0x08001ba0                u8g2_UpdateRefHeight
 .text.u8g2_SetFontPosBaseline
                0x08001c00        0xc build/u8g2_font.o
                0x08001c00                u8g2_SetFontPosBaseline
 .text.u8g2_SetFont
                0x08001c0c       0x1a build/u8g2_font.o
                0x08001c0c                u8g2_SetFont
 *fill*         0x08001c26        0x2 
 .text.u8g2_GetStrWidth
                0x08001c28       0x10 build/u8g2_font.o
                0x08001c28                u8g2_GetStrWidth
 .text.u8x8_d_helper_display_setup_memory
                0x08001c38        0xa build/u8x8_display.o
                0x08001c38                u8x8_d_helper_display_setup_memory
 .text.u8x8_d_helper_display_init
                0x08001c42       0x5e build/u8x8_display.o
                0x08001c42                u8x8_d_helper_display_init
 .text.u8x8_DrawTile
                0x08001ca0       0x1e build/u8x8_display.o
                0x08001ca0                u8x8_DrawTile
 .text.u8x8_SetupMemory
                0x08001cbe        0xe build/u8x8_display.o
                0x08001cbe                u8x8_SetupMemory
 .text.u8x8_InitDisplay
                0x08001ccc        0xe build/u8x8_display.o
                0x08001ccc                u8x8_InitDisplay
 .text.u8x8_SetPowerSave
                0x08001cda        0xe build/u8x8_display.o
                0x08001cda                u8x8_SetPowerSave
 .text.u8x8_RefreshDisplay
                0x08001ce8        0xe build/u8x8_display.o
                0x08001ce8                u8x8_RefreshDisplay
 .text.u8x8_dummy_cb
                0x08001cf6        0x4 build/u8x8_setup.o
                0x08001cf6                u8x8_dummy_cb
 *fill*         0x08001cfa        0x2 
 .text.u8x8_SetupDefaults
                0x08001cfc       0x28 build/u8x8_setup.o
                0x08001cfc                u8x8_SetupDefaults
 .text.u8x8_Setup
                0x08001d24       0x20 build/u8x8_setup.o
                0x08001d24                u8x8_Setup
 .text.u8x8_byte_SendBytes
                0x08001d44        0xe build/u8x8_byte.o
                0x08001d44                u8x8_byte_SendBytes
 .text.u8x8_byte_SendByte
                0x08001d52       0x14 build/u8x8_byte.o
                0x08001d52                u8x8_byte_SendByte
 .text.u8x8_byte_StartTransfer
                0x08001d66        0xe build/u8x8_byte.o
                0x08001d66                u8x8_byte_StartTransfer
 .text.u8x8_byte_EndTransfer
                0x08001d74        0xe build/u8x8_byte.o
                0x08001d74                u8x8_byte_EndTransfer
 .text.u8x8_gpio_call
                0x08001d82        0xa build/u8x8_gpio.o
                0x08001d82                u8x8_gpio_call
 .text.u8x8_d_ssd1306_sh1106_generic
                0x08001d8c       0xf4 build/u8x8_d_ssd1306_128x64_noname.o
 .text.u8x8_d_ssd1306_128x64_noname
                0x08001e80       0x40 build/u8x8_d_ssd1306_128x64_noname.o
                0x08001e80                u8x8_d_ssd1306_128x64_noname
 .text.u8g2_Setup_ssd1306_i2c_128x64_noname_f
                0x08001ec0       0x40 build/u8g2_d_setup.o
                0x08001ec0                u8g2_Setup_ssd1306_i2c_128x64_noname_f
 .text.u8g2_is_intersection_decision_tree
                0x08001f00       0x2c build/u8g2_intersection.o
                0x08001f00                u8g2_is_intersection_decision_tree
 .text.u8g2_IsIntersection
                0x08001f2c       0x2e build/u8g2_intersection.o
                0x08001f2c                u8g2_IsIntersection
 .text.u8g2_clip_intersection2
                0x08001f5a       0x40 build/u8g2_hvline.o
 .text.u8g2_draw_hv_line_2dir
                0x08001f9a       0x18 build/u8g2_hvline.o
                0x08001f9a                u8g2_draw_hv_line_2dir
 .text.u8g2_DrawHVLine
                0x08001fb2       0xd4 build/u8g2_hvline.o
                0x08001fb2                u8g2_DrawHVLine
 .text.u8g2_ll_hvline_vertical_top_lsb
                0x08002086       0xa2 build/u8g2_ll_hvline.o
                0x08002086                u8g2_ll_hvline_vertical_top_lsb
 .text.u8x8_i2c_data_transfer
                0x08002128       0x28 build/u8x8_cad.o
 .text.u8x8_cad_SendCmd
                0x08002150        0xe build/u8x8_cad.o
                0x08002150                u8x8_cad_SendCmd
 .text.u8x8_cad_SendArg
                0x0800215e        0xe build/u8x8_cad.o
                0x0800215e                u8x8_cad_SendArg
 .text.u8x8_cad_SendData
                0x0800216c        0xe build/u8x8_cad.o
                0x0800216c                u8x8_cad_SendData
 .text.u8x8_cad_StartTransfer
                0x0800217a        0xe build/u8x8_cad.o
                0x0800217a                u8x8_cad_StartTransfer
 .text.u8x8_cad_EndTransfer
                0x08002188        0xe build/u8x8_cad.o
                0x08002188                u8x8_cad_EndTransfer
 .text.u8x8_cad_SendSequence
                0x08002196       0x6e build/u8x8_cad.o
                0x08002196                u8x8_cad_SendSequence
 .text.u8x8_cad_ssd13xx_fast_i2c
                0x08002204       0xd4 build/u8x8_cad.o
                0x08002204                u8x8_cad_ssd13xx_fast_i2c
 .text.u8x8_ascii_next
                0x080022d8       0x18 build/u8x8_8x8.o
                0x080022d8                u8x8_ascii_next
 .text.u8x8_utf8_init
                0x080022f0        0x8 build/u8x8_8x8.o
                0x080022f0                u8x8_utf8_init
 .text.Reset_Handler
                0x080022f8       0x80 build/startup_stm32f042x6.o
                0x080022f8                Reset_Handler
 .text.Default_Handler
                0x08002378        0x2 build/startup_stm32f042x6.o
                0x08002378                USB_IRQHandler
                0x08002378                DMA1_Channel4_5_IRQHandler
                0x08002378                ADC1_IRQHandler
                0x08002378                SPI2_IRQHandler
                0x08002378                SPI1_IRQHandler
                0x08002378                TIM17_IRQHandler
                0x08002378                EXTI4_15_IRQHandler
                0x08002378                EXTI0_1_IRQHandler
                0x08002378                WWDG_IRQHandler
                0x08002378                PVD_VDDIO2_IRQHandler
                0x08002378                RTC_IRQHandler
                0x08002378                I2C1_IRQHandler
                0x08002378                TIM1_BRK_UP_TRG_COM_IRQHandler
                0x08002378                TIM14_IRQHandler
                0x08002378                TIM3_IRQHandler
                0x08002378                USART2_IRQHandler
                0x08002378                FLASH_IRQHandler
                0x08002378                EXTI2_3_IRQHandler
                0x08002378                USART1_IRQHandler
                0x08002378                TIM2_IRQHandler
                0x08002378                TSC_IRQHandler
                0x08002378                Default_Handler
                0x08002378                RCC_CRS_IRQHandler
                0x08002378                CEC_CAN_IRQHandler
                0x08002378                TIM16_IRQHandler
                0x08002378                DMA1_Channel2_3_IRQHandler
                0x08002378                TIM1_CC_IRQHandler
                0x08002378                DMA1_Channel1_IRQHandler
 *fill*         0x0800237a        0x2 
 .text.snprintf
                0x0800237c       0x68 /opt/gcc-arm-none-eabi/bin/../lib/gcc/arm-none-eabi/14.3.1/../../../../arm-none-eabi/lib/thumb/v6-m/nofp/libc_nano.a(libc_a-snprintf.o)
                0x0800237c                snprintf
                0x0800237c                sniprintf
 .text.memset   0x080023e4       0x10 /opt/gcc-arm-none-eabi/bin/../lib/gcc/arm-none-eabi/14.3.1/../../../../arm-none-eabi/lib/thumb/v6-m/nofp/libc_nano.a(libc_a-memset.o)
                0x080023e4                memset
 .text.__errno  0x080023f4        0xc /opt/gcc-arm-none-eabi/bin/../lib/gcc/arm-none-eabi/14.3.1/../../../../arm-none-eabi/lib/thumb/v6-m/nofp/libc_nano.a(libc_a-errno.o)
                0x080023f4                __errno
 .text.__libc_init_array
                0x08002400       0x48 /opt/gcc-arm-none-eabi/bin/../lib/gcc/arm-none-eabi/14.3.1/../../../../arm-none-eabi/lib/thumb/v6-m/nofp/libc_nano.a(libc_a-init.o)
                0x08002400                __libc_init_array
 .text.__retarget_lock_acquire_recursive
                0x08002448        0x2 /opt/gcc-arm-none-eabi/bin/../lib/gcc/arm-none-eabi/14.3.1/../../../../arm-none-eabi/lib/thumb/v6-m/nofp/libc_nano.a(libc_a-lock.o)
                0x08002448                __retarget_lock_acquire_recursive
 .text.__retarget_lock_release_recursive
                0x0800244a        0x2 /opt/gcc-arm-none-eabi/bin/../lib/gcc/arm-none-eabi/14.3.1/../../../../arm-none-eabi/lib/thumb/v6-m/nofp/libc_nano.a(libc_a-lock.o)
                0x0800244a                __retarget_lock_release_recursive
 .text._free_r  0x0800244c       0x94 /opt/gcc-arm-none-eabi/bin/../lib/gcc/arm-none-eabi/14.3.1/../../../../arm-none-eabi/lib/thumb/v6-m/nofp/libc_nano.a(libc_a-freer.o)
                0x0800244c                _free_r
 .text.sbrk_aligned
                0x080024e0       0x44 /opt/gcc-arm-none-eabi/bin/../lib/gcc/arm-none-eabi/14.3.1/../../../../arm-none-eabi/lib/thumb/v6-m/nofp/libc_nano.a(libc_a-mallocr.o)
 .text._malloc_r
                0x08002524      0x100 /opt/gcc-arm-none-eabi/bin/../lib/gcc/arm-none-eabi/14.3.1/../../../../arm-none-eabi/lib/thumb/v6-m/nofp/libc_nano.a(libc_a-mallocr.o)
                0x08002524                _malloc_r
 .text.__malloc_lock
                0x08002624       0x10 /opt/gcc-arm-none-eabi/bin/../lib/gcc/arm-none-eabi/14.3.1/../../../../arm-none-eabi/lib/thumb/v6-m/nofp/libc_nano.a(libc_a-mlock.o)
                0x08002624                __malloc_lock
 .text.__malloc_unlock
                0x08002634       0x10 /opt/gcc-arm-none-eabi/bin/../lib/gcc/arm-none-eabi/14.3.1/../../../../arm-none-eabi/lib/thumb/v6-m/nofp/libc_nano.a(libc_a-mlock.o)
                0x08002634                __malloc_unlock
 .text.__ssputs_r
                0x08002644       0xc8 /opt/gcc-arm-none-eabi/bin/../lib/gcc/arm-none-eabi/14.3.1/../../../../arm-none-eabi/lib/thumb/v6-m/nofp/libc_nano.a(libc_a-nano-svfprintf.o)
                0x08002644                __ssputs_r
 .text._svfprintf_r
                0x0800270c      0x1f4 /opt/gcc-arm-none-eabi/bin/../lib/gcc/arm-none-eabi/14.3.1/../../../../arm-none-eabi/lib/thumb/v6-m/nofp/libc_nano.a(libc_a-nano-svfprintf.o)
                0x0800270c                _svfprintf_r
                0x0800270c                _svfiprintf_r
 .text._printf_common
                0x08002900       0xde /opt/gcc-arm-none-eabi/bin/../lib/gcc/arm-none-eabi/14.3.1/../../../../arm-none-eabi/lib/thumb/v6-m/nofp/libc_nano.a(libc_a-nano-vfprintf_i.o)
                0x08002900                _printf_common
 *fill*         0x080029de        0x2 
 .text._printf_i
                0x080029e0      0x218 /opt/gcc-arm-none-eabi/bin/../lib/gcc/arm-none-eabi/14.3.1/../../../../arm-none-eabi/lib/thumb/v6-m/nofp/libc_nano.a(libc_a-nano-vfprintf_i.o)
                0x080029e0                _printf_i
 .text.memmove  0x08002bf8       0x24 /opt/gcc-arm-none-eabi/bin/../lib/gcc/arm-none-eabi/14.3.1/../../../../arm-none-eabi/lib/thumb/v6-m/nofp/libc_nano.a(libc_a-memmove.o)
                0x08002bf8                memmove
 .text._sbrk_r  0x08002c1c       0x24 /opt/gcc-arm-none-eabi/bin/../lib/gcc/arm-none-eabi/14.3.1/../../../../arm-none-eabi/lib/thumb/v6-m/nofp/libc_nano.a(libc_a-sbrkr.o)
                0x08002c1c                _sbrk_r
 .text.memchr   0x08002c40       0x16 /opt/gcc-arm-none-eabi/bin/../lib/gcc/arm-none-eabi/14.3.1/../../../../arm-none-eabi/lib/thumb/v6-m/nofp/libc_nano.a(libc_a-memchr-stub.o)
                0x08002c40                memchr
 .text.memcpy   0x08002c56       0x12 /opt/gcc-arm-none-eabi/bin/../lib/gcc/arm-none-eabi/14.3.1/../../../../arm-none-eabi/lib/thumb/v6-m/nofp/libc_nano.a(libc_a-memcpy-stub.o)
                0x08002c56                memcpy
 .text._realloc_r
                0x08002c68       0x60 /opt/gcc-arm-none-eabi/bin/../lib/gcc/arm-none-eabi/14.3.1/../../../../arm-none-eabi/lib/thumb/v6-m/nofp/libc_nano.a(libc_a-reallocr.o)
                0x08002c68                _realloc_r
 .text._malloc_usable_size_r
                0x08002cc8       0x10 /opt/gcc-arm-none-eabi/bin/../lib/gcc/arm-none-eabi/14.3.1/../../../../arm-none-eabi/lib/thumb/v6-m/nofp/libc_nano.a(libc_a-msizer.o)
                0x08002cc8                _malloc_usable_size_r
 *(.glue_7)
 .glue_7        0x08002cd8        0x0 linker stubs
 *(.glue_7t)
 .glue_7t       0x08002cd8        0x0 linker stubs
 *(.eh_frame)
 .eh_frame      0x08002cd8        0x0 /opt/gcc-arm-none-eabi/bin/../lib/gcc/arm-none-eabi/14.3.1/thumb/v6-m/nofp/crtbegin.o
 *(.init)
 .init          0x08002cd8        0x4 /opt/gcc-arm-none-eabi/bin/../lib/gcc/arm-none-eabi/14.3.1/thumb/v6-m/nofp/crti.o
                0x08002cd8                _init
 .init          0x08002cdc        0x8 /opt/gcc-arm-none-eabi/bin/../lib/gcc/arm-none-eabi/14.3.1/thumb/v6-m/nofp/crtn.o
 *(.fini)
 .fini          0x08002ce4        0x4 /opt/gcc-arm-none-eabi/bin/../lib/gcc/arm-none-eabi/14.3.1/thumb/v6-m/nofp/crti.o
                0x08002ce4                _fini
 .fini          0x08002ce8        0x8 /opt/gcc-arm-none-eabi/bin/../lib/gcc/arm-none-eabi/14.3.1/thumb/v6-m/nofp/crtn.o
                0x08002cf0                        . = ALIGN (0x4)
                0x08002cf0                        _etext = .

.vfp11_veneer   0x08002cf0        0x0
 .vfp11_veneer  0x08002cf0        0x0 linker stubs

.v4_bx          0x08002cf0        0x0
 .v4_bx         0x08002cf0        0x0 linker stubs

.iplt           0x08002cf0        0x0
 .iplt          0x08002cf0        0x0 /opt/gcc-arm-none-eabi/bin/../lib/gcc/arm-none-eabi/14.3.1/thumb/v6-m/nofp/crtbegin.o

.rodata         0x08002cf0      0x728
                0x08002cf0                        . = ALIGN (0x4)
 *(.rodata)
 *(.rodata*)
 .rodata.main.str1.4
                0x08002cf0       0x48 build/main.o
 .rodata.aPredivFactorTable.0
                0x08002d38       0x10 build/stm32f0xx_hal_rcc.o
 .rodata.aPLLMULFactorTable.1
                0x08002d48       0x10 build/stm32f0xx_hal_rcc.o
 .rodata.AHBPrescTable
                0x08002d58       0x10 build/system_stm32f0xx.o
                0x08002d58                AHBPrescTable
 .rodata.u8g2_cb_r0
                0x08002d68        0xc build/u8g2_setup.o
                0x08002d68                u8g2_cb_r0
 .rodata.u8g2_font_helvB12_tr
                0x08002d74      0x5e5 build/u8g2_fonts.o
                0x08002d74                u8g2_font_helvB12_tr
 *fill*         0x08003359        0x3 
 .rodata.u8x8_ssd1306_128x64_noname_display_info
                0x0800335c       0x18 build/u8x8_d_ssd1306_128x64_noname.o
 .rodata.u8x8_d_ssd1306_128x64_noname_flip1_seq
                0x08003374        0x7 build/u8x8_d_ssd1306_128x64_noname.o
 *fill*         0x0800337b        0x1 
 .rodata.u8x8_d_ssd1306_128x64_noname_flip0_seq
                0x0800337c        0x7 build/u8x8_d_ssd1306_128x64_noname.o
 *fill*         0x08003383        0x1 
 .rodata.u8x8_d_ssd1306_128x64_noname_powersave1_seq
                0x08003384        0x5 build/u8x8_d_ssd1306_128x64_noname.o
 *fill*         0x08003389        0x3 
 .rodata.u8x8_d_ssd1306_128x64_noname_powersave0_seq
                0x0800338c        0x5 build/u8x8_d_ssd1306_128x64_noname.o
 *fill*         0x08003391        0x3 
 .rodata.u8x8_d_ssd1306_128x64_noname_init_seq
                0x08003394       0x35 build/u8x8_d_ssd1306_128x64_noname.o
 *fill*         0x080033c9        0x3 
 .rodata.u8x8_cad_ssd13xx_fast_i2c
                0x080033cc       0x18 build/u8x8_cad.o
 .rodata._svfprintf_r.str1.1
                0x080033e4       0x33 /opt/gcc-arm-none-eabi/bin/../lib/gcc/arm-none-eabi/14.3.1/../../../../arm-none-eabi/lib/thumb/v6-m/nofp/libc_nano.a(libc_a-nano-svfprintf.o)
                                 0x11 (size before relaxing)
 .rodata._printf_i.str1.1
                0x08003417       0x22 /opt/gcc-arm-none-eabi/bin/../lib/gcc/arm-none-eabi/14.3.1/../../../../arm-none-eabi/lib/thumb/v6-m/nofp/libc_nano.a(libc_a-nano-vfprintf_i.o)
                0x0800343c                        . = ALIGN (0x4)
 *fill*         0x08003417        0x1 

.ARM.extab      0x08003418        0x0
                0x08003418                        . = ALIGN (0x4)
 *(.ARM.extab* .gnu.linkonce.armextab.*)
                0x08003418                        . = ALIGN (0x4)

.ARM            0x08003418        0x0
                0x08003418                        . = ALIGN (0x4)
                0x08003418                        __exidx_start = .
 *(.ARM.exidx*)
                0x08003418                        __exidx_end = .
                0x08003418                        . = ALIGN (0x4)

.preinit_array  0x08003418        0x0
                0x08003418                        . = ALIGN (0x4)
                0x08003418                        PROVIDE (__preinit_array_start = .)
 *(.preinit_array*)
                0x08003418                        PROVIDE (__preinit_array_end = .)
                0x08003418                        . = ALIGN (0x4)

.init_array     0x08003418        0x4
                0x08003418                        . = ALIGN (0x4)
                0x08003418                        PROVIDE (__init_array_start = .)
 *(SORT_BY_NAME(.init_array.*))
 *(.init_array*)
 .init_array    0x08003418        0x4 /opt/gcc-arm-none-eabi/bin/../lib/gcc/arm-none-eabi/14.3.1/thumb/v6-m/nofp/crtbegin.o
                0x0800341c                        PROVIDE (__init_array_end = .)
                0x0800341c                        . = ALIGN (0x4)

.fini_array     0x0800341c        0x4
                0x0800341c                        . = ALIGN (0x4)
                [!provide]                        PROVIDE (__fini_array_start = .)
 *(SORT_BY_NAME(.fini_array.*))
 *(.fini_array*)
 .fini_array    0x0800341c        0x4 /opt/gcc-arm-none-eabi/bin/../lib/gcc/arm-none-eabi/14.3.1/thumb/v6-m/nofp/crtbegin.o
                [!provide]                        PROVIDE (__fini_array_end = .)
                0x08003420                        . = ALIGN (0x4)
                0x08003420                        _sidata = LOADADDR (.data)

.rel.dyn        0x08003420        0x0
 .rel.iplt      0x08003420        0x0 /opt/gcc-arm-none-eabi/bin/../lib/gcc/arm-none-eabi/14.3.1/thumb/v6-m/nofp/crtbegin.o

.data           0x20000000       0x5c load address 0x08003420
                0x20000000                        . = ALIGN (0x4)
                0x20000000                        _sdata = .
 *(.data)
 *(.data*)
 .data.uwTickFreq
                0x20000000        0x1 build/stm32f0xx_hal.o
                0x20000000                uwTickFreq
 *fill*         0x20000001        0x3 
 .data.uwTickPrio
                0x20000004        0x4 build/stm32f0xx_hal.o
                0x20000004                uwTickPrio
 .data.SystemCoreClock
                0x20000008        0x4 build/system_stm32f0xx.o
                0x20000008                SystemCoreClock
 .data._impure_ptr
                0x2000000c        0x4 /opt/gcc-arm-none-eabi/bin/../lib/gcc/arm-none-eabi/14.3.1/../../../../arm-none-eabi/lib/thumb/v6-m/nofp/libc_nano.a(libc_a-impure.o)
                0x2000000c                _impure_ptr
 .data._impure_data
                0x20000010       0x4c /opt/gcc-arm-none-eabi/bin/../lib/gcc/arm-none-eabi/14.3.1/../../../../arm-none-eabi/lib/thumb/v6-m/nofp/libc_nano.a(libc_a-impure.o)
                0x20000010                _impure_data
 *(.RamFunc)
 *(.RamFunc*)
                0x2000005c                        . = ALIGN (0x4)
                0x2000005c                        _edata = .

.tm_clone_table
                0x2000005c        0x0 load address 0x0800347c
 .tm_clone_table
                0x2000005c        0x0 /opt/gcc-arm-none-eabi/bin/../lib/gcc/arm-none-eabi/14.3.1/thumb/v6-m/nofp/crtbegin.o
 .tm_clone_table
                0x2000005c        0x0 /opt/gcc-arm-none-eabi/bin/../lib/gcc/arm-none-eabi/14.3.1/thumb/v6-m/nofp/crtend.o

.igot.plt       0x2000005c        0x0 load address 0x0800347c
 .igot.plt      0x2000005c        0x0 /opt/gcc-arm-none-eabi/bin/../lib/gcc/arm-none-eabi/14.3.1/thumb/v6-m/nofp/crtbegin.o
                0x2000005c                        . = ALIGN (0x4)

.bss            0x2000005c      0x604 load address 0x0800347c
                0x2000005c                        _sbss = .
                0x2000005c                        __bss_start__ = _sbss
 *(.bss)
 *(.bss*)
 .bss.completed.1
                0x2000005c        0x1 /opt/gcc-arm-none-eabi/bin/../lib/gcc/arm-none-eabi/14.3.1/thumb/v6-m/nofp/crtbegin.o
 *fill*         0x2000005d        0x3 
 .bss.object.0  0x20000060       0x18 /opt/gcc-arm-none-eabi/bin/../lib/gcc/arm-none-eabi/14.3.1/thumb/v6-m/nofp/crtbegin.o
 .bss.uwTick    0x20000078        0x4 build/stm32f0xx_hal.o
                0x20000078                uwTick
 .bss.__sbrk_heap_end
                0x2000007c        0x4 build/sysmem.o
 .bss.u8g2      0x20000080       0x94 build/u8g2_port.o
 .bss.buf.207   0x20000114      0x400 build/u8g2_d_memory.o
 .bss.in_transfer.5
                0x20000514        0x1 build/u8x8_cad.o
 *fill*         0x20000515        0x3 
 .bss.__sf      0x20000518      0x138 /opt/gcc-arm-none-eabi/bin/../lib/gcc/arm-none-eabi/14.3.1/../../../../arm-none-eabi/lib/thumb/v6-m/nofp/libc_nano.a(libc_a-findfp.o)
                0x20000518                __sf
 .bss.errno     0x20000650        0x4 /opt/gcc-arm-none-eabi/bin/../lib/gcc/arm-none-eabi/14.3.1/../../../../arm-none-eabi/lib/thumb/v6-m/nofp/libc_nano.a(libc_a-reent.o)
                0x20000650                errno
 .bss.__lock___malloc_recursive_mutex
                0x20000654        0x1 /opt/gcc-arm-none-eabi/bin/../lib/gcc/arm-none-eabi/14.3.1/../../../../arm-none-eabi/lib/thumb/v6-m/nofp/libc_nano.a(libc_a-lock.o)
                0x20000654                __lock___malloc_recursive_mutex
 *fill*         0x20000655        0x3 
 .bss.__malloc_sbrk_start
                0x20000658        0x4 /opt/gcc-arm-none-eabi/bin/../lib/gcc/arm-none-eabi/14.3.1/../../../../arm-none-eabi/lib/thumb/v6-m/nofp/libc_nano.a(libc_a-mallocr.o)
                0x20000658                __malloc_sbrk_start
 .bss.__malloc_free_list
                0x2000065c        0x4 /opt/gcc-arm-none-eabi/bin/../lib/gcc/arm-none-eabi/14.3.1/../../../../arm-none-eabi/lib/thumb/v6-m/nofp/libc_nano.a(libc_a-mallocr.o)
                0x2000065c                __malloc_free_list
 *(COMMON)
                0x20000660                        . = ALIGN (0x4)
                0x20000660                        _ebss = .
                0x20000660                        __bss_end__ = _ebss

._user_heap_stack
                0x20000660      0x600 load address 0x0800347c
                0x20000660                        . = ALIGN (0x8)
                [!provide]                        PROVIDE (end = .)
                0x20000660                        PROVIDE (_end = .)
                0x20000860                        . = (. + _Min_Heap_Size)
 *fill*         0x20000660      0x200 
                0x20000c60                        . = (. + _Min_Stack_Size)
 *fill*         0x20000860      0x400 
                0x20000c60                        . = ALIGN (0x8)

/DISCARD/
 libc.a(*)
 libm.a(*)
 libgcc.a(*)
OUTPUT(build/SkjermMXnoHAL.elf elf32-littlearm)
LOAD linker stubs
LOAD /opt/gcc-arm-none-eabi/bin/../lib/gcc/arm-none-eabi/14.3.1/../../../../arm-none-eabi/lib/thumb/v6-m/nofp/libc.a
LOAD /opt/gcc-arm-none-eabi/bin/../lib/gcc/arm-none-eabi/14.3.1/../../../../arm-none-eabi/lib/thumb/v6-m/nofp/libm.a
LOAD /opt/gcc-arm-none-eabi/bin/../lib/gcc/arm-none-eabi/14.3.1/thumb/v6-m/nofp/libgcc.a

.ARM.attributes
                0x00000000       0x28
 .ARM.attributes
                0x00000000       0x1e /opt/gcc-arm-none-eabi/bin/../lib/gcc/arm-none-eabi/14.3.1/thumb/v6-m/nofp/crti.o
 .ARM.attributes
                0x0000001e       0x2c /opt/gcc-arm-none-eabi/bin/../lib/gcc/arm-none-eabi/14.3.1/thumb/v6-m/nofp/crtbegin.o
 .ARM.attributes
                0x0000004a       0x2c build/main.o
 .ARM.attributes
                0x00000076       0x2c build/stm32f0xx_it.o
 .ARM.attributes
                0x000000a2       0x2c build/stm32f0xx_hal_msp.o
 .ARM.attributes
                0x000000ce       0x2c build/stm32f0xx_hal_rcc.o
 .ARM.attributes
                0x000000fa       0x2c build/stm32f0xx_hal.o
 .ARM.attributes
                0x00000126       0x2c build/stm32f0xx_hal_cortex.o
 .ARM.attributes
                0x00000152       0x2c build/system_stm32f0xx.o
 .ARM.attributes
                0x0000017e       0x2c build/sysmem.o
 .ARM.attributes
                0x000001aa       0x2c build/tests.o
 .ARM.attributes
                0x000001d6       0x2c build/i2c.o
 .ARM.attributes
                0x00000202       0x2c build/delay.o
 .ARM.attributes
                0x0000022e       0x2c build/DHT22.o
 .ARM.attributes
                0x0000025a       0x2c build/u8g2_port.o
 .ARM.attributes
                0x00000286       0x2c build/u8g2_buffer.o
 .ARM.attributes
                0x000002b2       0x2c build/u8g2_setup.o
 .ARM.attributes
                0x000002de       0x2c build/u8g2_d_memory.o
 .ARM.attributes
                0x0000030a       0x2c build/u8g2_font.o
 .ARM.attributes
                0x00000336       0x2c build/u8g2_fonts.o
 .ARM.attributes
                0x00000362       0x2c build/u8x8_display.o
 .ARM.attributes
                0x0000038e       0x2c build/u8x8_setup.o
 .ARM.attributes
                0x000003ba       0x2c build/u8x8_byte.o
 .ARM.attributes
                0x000003e6       0x2c build/u8x8_gpio.o
 .ARM.attributes
                0x00000412       0x2c build/u8x8_d_ssd1306_128x64_noname.o
 .ARM.attributes
                0x0000043e       0x2c build/u8g2_d_setup.o
 .ARM.attributes
                0x0000046a       0x2c build/u8g2_intersection.o
 .ARM.attributes
                0x00000496       0x2c build/u8g2_hvline.o
 .ARM.attributes
                0x000004c2       0x2c build/u8g2_ll_hvline.o
 .ARM.attributes
                0x000004ee       0x2c build/u8x8_cad.o
 .ARM.attributes
                0x0000051a       0x2c build/u8x8_8x8.o
 .ARM.attributes
                0x00000546       0x21 build/startup_stm32f042x6.o
 .ARM.attributes
                0x00000567       0x2c /opt/gcc-arm-none-eabi/bin/../lib/gcc/arm-none-eabi/14.3.1/../../../../arm-none-eabi/lib/thumb/v6-m/nofp/libc_nano.a(libc_a-findfp.o)
 .ARM.attributes
                0x00000593       0x2c /opt/gcc-arm-none-eabi/bin/../lib/gcc/arm-none-eabi/14.3.1/../../../../arm-none-eabi/lib/thumb/v6-m/nofp/libc_nano.a(libc_a-snprintf.o)
 .ARM.attributes
                0x000005bf       0x2c /opt/gcc-arm-none-eabi/bin/../lib/gcc/arm-none-eabi/14.3.1/../../../../arm-none-eabi/lib/thumb/v6-m/nofp/libc_nano.a(libc_a-memset.o)
 .ARM.attributes
                0x000005eb       0x2c /opt/gcc-arm-none-eabi/bin/../lib/gcc/arm-none-eabi/14.3.1/../../../../arm-none-eabi/lib/thumb/v6-m/nofp/libc_nano.a(libc_a-reent.o)
 .ARM.attributes
                0x00000617       0x2c /opt/gcc-arm-none-eabi/bin/../lib/gcc/arm-none-eabi/14.3.1/../../../../arm-none-eabi/lib/thumb/v6-m/nofp/libc_nano.a(libc_a-impure.o)
 .ARM.attributes
                0x00000643       0x2c /opt/gcc-arm-none-eabi/bin/../lib/gcc/arm-none-eabi/14.3.1/../../../../arm-none-eabi/lib/thumb/v6-m/nofp/libc_nano.a(libc_a-errno.o)
 .ARM.attributes
                0x0000066f       0x2c /opt/gcc-arm-none-eabi/bin/../lib/gcc/arm-none-eabi/14.3.1/../../../../arm-none-eabi/lib/thumb/v6-m/nofp/libc_nano.a(libc_a-init.o)
 .ARM.attributes
                0x0000069b       0x2c /opt/gcc-arm-none-eabi/bin/../lib/gcc/arm-none-eabi/14.3.1/../../../../arm-none-eabi/lib/thumb/v6-m/nofp/libc_nano.a(libc_a-lock.o)
 .ARM.attributes
                0x000006c7       0x2c /opt/gcc-arm-none-eabi/bin/../lib/gcc/arm-none-eabi/14.3.1/../../../../arm-none-eabi/lib/thumb/v6-m/nofp/libc_nano.a(libc_a-freer.o)
 .ARM.attributes
                0x000006f3       0x2c /opt/gcc-arm-none-eabi/bin/../lib/gcc/arm-none-eabi/14.3.1/../../../../arm-none-eabi/lib/thumb/v6-m/nofp/libc_nano.a(libc_a-mallocr.o)
 .ARM.attributes
                0x0000071f       0x2c /opt/gcc-arm-none-eabi/bin/../lib/gcc/arm-none-eabi/14.3.1/../../../../arm-none-eabi/lib/thumb/v6-m/nofp/libc_nano.a(libc_a-mlock.o)
 .ARM.attributes
                0x0000074b       0x2c /opt/gcc-arm-none-eabi/bin/../lib/gcc/arm-none-eabi/14.3.1/../../../../arm-none-eabi/lib/thumb/v6-m/nofp/libc_nano.a(libc_a-nano-svfprintf.o)
 .ARM.attributes
                0x00000777       0x2c /opt/gcc-arm-none-eabi/bin/../lib/gcc/arm-none-eabi/14.3.1/../../../../arm-none-eabi/lib/thumb/v6-m/nofp/libc_nano.a(libc_a-nano-vfprintf_i.o)
 .ARM.attributes
                0x000007a3       0x2c /opt/gcc-arm-none-eabi/bin/../lib/gcc/arm-none-eabi/14.3.1/../../../../arm-none-eabi/lib/thumb/v6-m/nofp/libc_nano.a(libc_a-memmove.o)
 .ARM.attributes
                0x000007cf       0x2c /opt/gcc-arm-none-eabi/bin/../lib/gcc/arm-none-eabi/14.3.1/../../../../arm-none-eabi/lib/thumb/v6-m/nofp/libc_nano.a(libc_a-sbrkr.o)
 .ARM.attributes
                0x000007fb       0x2c /opt/gcc-arm-none-eabi/bin/../lib/gcc/arm-none-eabi/14.3.1/../../../../arm-none-eabi/lib/thumb/v6-m/nofp/libc_nano.a(libc_a-memchr-stub.o)
 .ARM.attributes
                0x00000827       0x2c /opt/gcc-arm-none-eabi/bin/../lib/gcc/arm-none-eabi/14.3.1/../../../../arm-none-eabi/lib/thumb/v6-m/nofp/libc_nano.a(libc_a-memcpy-stub.o)
 .ARM.attributes
                0x00000853       0x2c /opt/gcc-arm-none-eabi/bin/../lib/gcc/arm-none-eabi/14.3.1/../../../../arm-none-eabi/lib/thumb/v6-m/nofp/libc_nano.a(libc_a-reallocr.o)
 .ARM.attributes
                0x0000087f       0x2c /opt/gcc-arm-none-eabi/bin/../lib/gcc/arm-none-eabi/14.3.1/../../../../arm-none-eabi/lib/thumb/v6-m/nofp/libc_nano.a(libc_a-msizer.o)
 .ARM.attributes
                0x000008ab       0x1e /opt/gcc-arm-none-eabi/bin/../lib/gcc/arm-none-eabi/14.3.1/thumb/v6-m/nofp/libgcc.a(_thumb1_case_shi.o)
 .ARM.attributes
                0x000008c9       0x1e /opt/gcc-arm-none-eabi/bin/../lib/gcc/arm-none-eabi/14.3.1/thumb/v6-m/nofp/libgcc.a(_udivsi3.o)
 .ARM.attributes
                0x000008e7       0x1e /opt/gcc-arm-none-eabi/bin/../lib/gcc/arm-none-eabi/14.3.1/thumb/v6-m/nofp/libgcc.a(_divsi3.o)
 .ARM.attributes
                0x00000905       0x1e /opt/gcc-arm-none-eabi/bin/../lib/gcc/arm-none-eabi/14.3.1/thumb/v6-m/nofp/libgcc.a(_dvmd_tls.o)
 .ARM.attributes
                0x00000923       0x2c /opt/gcc-arm-none-eabi/bin/../lib/gcc/arm-none-eabi/14.3.1/thumb/v6-m/nofp/crtend.o
 .ARM.attributes
                0x0000094f       0x1e /opt/gcc-arm-none-eabi/bin/../lib/gcc/arm-none-eabi/14.3.1/thumb/v6-m/nofp/crtn.o

.comment        0x00000000       0x46
 .comment       0x00000000       0x46 build/main.o
                                 0x47 (size before relaxing)
 .comment       0x00000046       0x47 build/stm32f0xx_it.o
 .comment       0x00000046       0x47 build/stm32f0xx_hal_msp.o
 .comment       0x00000046       0x47 build/stm32f0xx_hal_rcc.o
 .comment       0x00000046       0x47 build/stm32f0xx_hal.o
 .comment       0x00000046       0x47 build/stm32f0xx_hal_cortex.o
 .comment       0x00000046       0x47 build/system_stm32f0xx.o
 .comment       0x00000046       0x47 build/sysmem.o
 .comment       0x00000046       0x47 build/tests.o
 .comment       0x00000046       0x47 build/i2c.o
 .comment       0x00000046       0x47 build/delay.o
 .comment       0x00000046       0x47 build/DHT22.o
 .comment       0x00000046       0x47 build/u8g2_port.o
 .comment       0x00000046       0x47 build/u8g2_buffer.o
 .comment       0x00000046       0x47 build/u8g2_setup.o
 .comment       0x00000046       0x47 build/u8g2_d_memory.o
 .comment       0x00000046       0x47 build/u8g2_font.o
 .comment       0x00000046       0x47 build/u8g2_fonts.o
 .comment       0x00000046       0x47 build/u8x8_display.o
 .comment       0x00000046       0x47 build/u8x8_setup.o
 .comment       0x00000046       0x47 build/u8x8_byte.o
 .comment       0x00000046       0x47 build/u8x8_gpio.o
 .comment       0x00000046       0x47 build/u8x8_d_ssd1306_128x64_noname.o
 .comment       0x00000046       0x47 build/u8g2_d_setup.o
 .comment       0x00000046       0x47 build/u8g2_intersection.o
 .comment       0x00000046       0x47 build/u8g2_hvline.o
 .comment       0x00000046       0x47 build/u8g2_ll_hvline.o
 .comment       0x00000046       0x47 build/u8x8_cad.o
 .comment       0x00000046       0x47 build/u8x8_8x8.o

.debug_info     0x00000000    0x74ded
 .debug_info    0x00000000     0x10d2 build/main.o
 .debug_info    0x000010d2      0x100 build/stm32f0xx_it.o
 .debug_info    0x000011d2      0x1d9 build/stm32f0xx_hal_msp.o
 .debug_info    0x000013ab      0xba8 build/stm32f0xx_hal_rcc.o
 .debug_info    0x00001f53      0x827 build/stm32f0xx_hal.o
 .debug_info    0x0000277a      0x8e1 build/stm32f0xx_hal_cortex.o
 .debug_info    0x0000305b      0x2ce build/system_stm32f0xx.o
 .debug_info    0x00003329      0x194 build/sysmem.o
 .debug_info    0x000034bd      0x284 build/tests.o
 .debug_info    0x00003741      0x47c build/i2c.o
 .debug_info    0x00003bbd      0x44f build/delay.o
 .debug_info    0x0000400c      0x6f0 build/DHT22.o
 .debug_info    0x000046fc      0xc6e build/u8g2_port.o
 .debug_info    0x0000536a     0x10df build/u8g2_buffer.o
 .debug_info    0x00006449     0x159a build/u8g2_setup.o
 .debug_info    0x000079e3     0x41c2 build/u8g2_d_memory.o
 .debug_info    0x0000bba5     0x2fb2 build/u8g2_font.o
 .debug_info    0x0000eb57    0x1a4e7 build/u8g2_fonts.o
 .debug_info    0x0002903e      0xb0a build/u8x8_display.o
 .debug_info    0x00029b48      0x5db build/u8x8_setup.o
 .debug_info    0x0002a123     0x19eb build/u8x8_byte.o
 .debug_info    0x0002bb0e      0x44c build/u8x8_gpio.o
 .debug_info    0x0002bf5a      0xeee build/u8x8_d_ssd1306_128x64_noname.o
 .debug_info    0x0002ce48    0x42b09 build/u8g2_d_setup.o
 .debug_info    0x0006f951      0xa37 build/u8g2_intersection.o
 .debug_info    0x00070388      0xd2a build/u8g2_hvline.o
 .debug_info    0x000710b2      0xaed build/u8g2_ll_hvline.o
 .debug_info    0x00071b9f     0x1e23 build/u8x8_cad.o
 .debug_info    0x000739c2     0x13fb build/u8x8_8x8.o
 .debug_info    0x00074dbd       0x30 build/startup_stm32f042x6.o

.debug_abbrev   0x00000000     0x352b
 .debug_abbrev  0x00000000      0x2e4 build/main.o
 .debug_abbrev  0x000002e4       0x80 build/stm32f0xx_it.o
 .debug_abbrev  0x00000364       0xc1 build/stm32f0xx_hal_msp.o
 .debug_abbrev  0x00000425      0x2b4 build/stm32f0xx_hal_rcc.o
 .debug_abbrev  0x000006d9      0x268 build/stm32f0xx_hal.o
 .debug_abbrev  0x00000941      0x2f4 build/stm32f0xx_hal_cortex.o
 .debug_abbrev  0x00000c35      0x134 build/system_stm32f0xx.o
 .debug_abbrev  0x00000d69       0xeb build/sysmem.o
 .debug_abbrev  0x00000e54       0xae build/tests.o
 .debug_abbrev  0x00000f02      0x186 build/i2c.o
 .debug_abbrev  0x00001088      0x1a4 build/delay.o
 .debug_abbrev  0x0000122c      0x204 build/DHT22.o
 .debug_abbrev  0x00001430      0x1df build/u8g2_port.o
 .debug_abbrev  0x0000160f      0x20d build/u8g2_buffer.o
 .debug_abbrev  0x0000181c      0x2c6 build/u8g2_setup.o
 .debug_abbrev  0x00001ae2      0x101 build/u8g2_d_memory.o
 .debug_abbrev  0x00001be3      0x374 build/u8g2_font.o
 .debug_abbrev  0x00001f57       0xab build/u8g2_fonts.o
 .debug_abbrev  0x00002002      0x1f5 build/u8x8_display.o
 .debug_abbrev  0x000021f7      0x1ae build/u8x8_setup.o
 .debug_abbrev  0x000023a5      0x285 build/u8x8_byte.o
 .debug_abbrev  0x0000262a      0x102 build/u8x8_gpio.o
 .debug_abbrev  0x0000272c      0x1e4 build/u8x8_d_ssd1306_128x64_noname.o
 .debug_abbrev  0x00002910      0x1e5 build/u8g2_d_setup.o
 .debug_abbrev  0x00002af5      0x168 build/u8g2_intersection.o
 .debug_abbrev  0x00002c5d      0x1c1 build/u8g2_hvline.o
 .debug_abbrev  0x00002e1e      0x154 build/u8g2_ll_hvline.o
 .debug_abbrev  0x00002f72      0x2bf build/u8x8_cad.o
 .debug_abbrev  0x00003231      0x2dd build/u8x8_8x8.o
 .debug_abbrev  0x0000350e       0x1d build/startup_stm32f042x6.o

.debug_loc      0x00000000    0x5f669
 .debug_loc     0x00000000       0xef build/main.o
 .debug_loc     0x000000ef       0x20 build/stm32f0xx_it.o
 .debug_loc     0x0000010f       0x20 build/stm32f0xx_hal_msp.o
 .debug_loc     0x0000012f      0x816 build/stm32f0xx_hal_rcc.o
 .debug_loc     0x00000945      0x1f9 build/stm32f0xx_hal.o
 .debug_loc     0x00000b3e      0x3d4 build/stm32f0xx_hal_cortex.o
 .debug_loc     0x00000f12      0x1ae build/system_stm32f0xx.o
 .debug_loc     0x000010c0       0xbf build/sysmem.o
 .debug_loc     0x0000117f      0x1ad build/i2c.o
 .debug_loc     0x0000132c      0x126 build/delay.o
 .debug_loc     0x00001452      0x2b3 build/DHT22.o
 .debug_loc     0x00001705      0x3bc build/u8g2_port.o
 .debug_loc     0x00001ac1      0x8d0 build/u8g2_buffer.o
 .debug_loc     0x00002391     0x12de build/u8g2_setup.o
 .debug_loc     0x0000366f     0x23c7 build/u8g2_d_memory.o
 .debug_loc     0x00005a36     0x3124 build/u8g2_font.o
 .debug_loc     0x00008b5a      0x624 build/u8x8_display.o
 .debug_loc     0x0000917e      0x283 build/u8x8_setup.o
 .debug_loc     0x00009401     0x1861 build/u8x8_byte.o
 .debug_loc     0x0000ac62       0xa1 build/u8x8_gpio.o
 .debug_loc     0x0000ad03      0xc06 build/u8x8_d_ssd1306_128x64_noname.o
 .debug_loc     0x0000b909    0x4ec87 build/u8g2_d_setup.o
 .debug_loc     0x0005a590      0x1ff build/u8g2_intersection.o
 .debug_loc     0x0005a78f      0x7d4 build/u8g2_hvline.o
 .debug_loc     0x0005af63      0x578 build/u8g2_ll_hvline.o
 .debug_loc     0x0005b4db     0x2910 build/u8x8_cad.o
 .debug_loc     0x0005ddeb     0x187e build/u8x8_8x8.o

.debug_aranges  0x00000000     0x33e8
 .debug_aranges
                0x00000000       0x30 build/main.o
 .debug_aranges
                0x00000030       0x40 build/stm32f0xx_it.o
 .debug_aranges
                0x00000070       0x20 build/stm32f0xx_hal_msp.o
 .debug_aranges
                0x00000090       0x80 build/stm32f0xx_hal_rcc.o
 .debug_aranges
                0x00000110       0xd0 build/stm32f0xx_hal.o
 .debug_aranges
                0x000001e0       0x98 build/stm32f0xx_hal_cortex.o
 .debug_aranges
                0x00000278       0x28 build/system_stm32f0xx.o
 .debug_aranges
                0x000002a0       0x20 build/sysmem.o
 .debug_aranges
                0x000002c0       0x28 build/tests.o
 .debug_aranges
                0x000002e8       0x48 build/i2c.o
 .debug_aranges
                0x00000330       0x48 build/delay.o
 .debug_aranges
                0x00000378       0x50 build/DHT22.o
 .debug_aranges
                0x000003c8       0x38 build/u8g2_port.o
 .debug_aranges
                0x00000400       0x80 build/u8g2_buffer.o
 .debug_aranges
                0x00000480       0xc8 build/u8g2_setup.o
 .debug_aranges
                0x00000548      0x6c0 build/u8g2_d_memory.o
 .debug_aranges
                0x00000c08      0x1e8 build/u8g2_font.o
 .debug_aranges
                0x00000df0       0x18 build/u8g2_fonts.o
 .debug_aranges
                0x00000e08       0x88 build/u8x8_display.o
 .debug_aranges
                0x00000e90       0x38 build/u8x8_setup.o
 .debug_aranges
                0x00000ec8       0xe0 build/u8x8_byte.o
 .debug_aranges
                0x00000fa8       0x20 build/u8x8_gpio.o
 .debug_aranges
                0x00000fc8       0x58 build/u8x8_d_ssd1306_128x64_noname.o
 .debug_aranges
                0x00001020     0x2160 build/u8g2_d_setup.o
 .debug_aranges
                0x00003180       0x28 build/u8g2_intersection.o
 .debug_aranges
                0x000031a8       0x50 build/u8g2_hvline.o
 .debug_aranges
                0x000031f8       0x28 build/u8g2_ll_hvline.o
 .debug_aranges
                0x00003220       0xd8 build/u8x8_cad.o
 .debug_aranges
                0x000032f8       0xc8 build/u8x8_8x8.o
 .debug_aranges
                0x000033c0       0x28 build/startup_stm32f042x6.o

.debug_ranges   0x00000000     0x32d8
 .debug_ranges  0x00000000       0x20 build/main.o
 .debug_ranges  0x00000020       0x30 build/stm32f0xx_it.o
 .debug_ranges  0x00000050       0x10 build/stm32f0xx_hal_msp.o
 .debug_ranges  0x00000060       0x88 build/stm32f0xx_hal_rcc.o
 .debug_ranges  0x000000e8       0xc0 build/stm32f0xx_hal.o
 .debug_ranges  0x000001a8       0xa0 build/stm32f0xx_hal_cortex.o
 .debug_ranges  0x00000248       0x18 build/system_stm32f0xx.o
 .debug_ranges  0x00000260       0x10 build/sysmem.o
 .debug_ranges  0x00000270       0x18 build/tests.o
 .debug_ranges  0x00000288       0x68 build/i2c.o
 .debug_ranges  0x000002f0       0x38 build/delay.o
 .debug_ranges  0x00000328       0x80 build/DHT22.o
 .debug_ranges  0x000003a8       0x28 build/u8g2_port.o
 .debug_ranges  0x000003d0       0x70 build/u8g2_buffer.o
 .debug_ranges  0x00000440       0xb8 build/u8g2_setup.o
 .debug_ranges  0x000004f8      0x6b0 build/u8g2_d_memory.o
 .debug_ranges  0x00000ba8      0x208 build/u8g2_font.o
 .debug_ranges  0x00000db0       0x78 build/u8x8_display.o
 .debug_ranges  0x00000e28       0x28 build/u8x8_setup.o
 .debug_ranges  0x00000e50       0xd0 build/u8x8_byte.o
 .debug_ranges  0x00000f20       0x10 build/u8x8_gpio.o
 .debug_ranges  0x00000f30       0x48 build/u8x8_d_ssd1306_128x64_noname.o
 .debug_ranges  0x00000f78     0x2150 build/u8g2_d_setup.o
 .debug_ranges  0x000030c8       0x18 build/u8g2_intersection.o
 .debug_ranges  0x000030e0       0x40 build/u8g2_hvline.o
 .debug_ranges  0x00003120       0x18 build/u8g2_ll_hvline.o
 .debug_ranges  0x00003138       0xc8 build/u8x8_cad.o
 .debug_ranges  0x00003200       0xb8 build/u8x8_8x8.o
 .debug_ranges  0x000032b8       0x20 build/startup_stm32f042x6.o

.debug_line     0x00000000    0x16c12
 .debug_line    0x00000000      0x328 build/main.o
 .debug_line    0x00000328       0xdf build/stm32f0xx_it.o
 .debug_line    0x00000407      0x122 build/stm32f0xx_hal_msp.o
 .debug_line    0x00000529      0xcf0 build/stm32f0xx_hal_rcc.o
 .debug_line    0x00001219      0x4d5 build/stm32f0xx_hal.o
 .debug_line    0x000016ee      0x4e6 build/stm32f0xx_hal_cortex.o
 .debug_line    0x00001bd4      0x1f7 build/system_stm32f0xx.o
 .debug_line    0x00001dcb      0x17d build/sysmem.o
 .debug_line    0x00001f48      0x143 build/tests.o
 .debug_line    0x0000208b      0x3fd build/i2c.o
 .debug_line    0x00002488      0x247 build/delay.o
 .debug_line    0x000026cf      0x6d6 build/DHT22.o
 .debug_line    0x00002da5      0x1ba build/u8g2_port.o
 .debug_line    0x00002f5f      0x482 build/u8g2_buffer.o
 .debug_line    0x000033e1      0x7f0 build/u8g2_setup.o
 .debug_line    0x00003bd1     0x22de build/u8g2_d_memory.o
 .debug_line    0x00005eaf     0x1699 build/u8g2_font.o
 .debug_line    0x00007548       0xd0 build/u8g2_fonts.o
 .debug_line    0x00007618      0x375 build/u8x8_display.o
 .debug_line    0x0000798d      0x1b5 build/u8x8_setup.o
 .debug_line    0x00007b42      0x91d build/u8x8_byte.o
 .debug_line    0x0000845f       0xf0 build/u8x8_gpio.o
 .debug_line    0x0000854f      0x3fb build/u8x8_d_ssd1306_128x64_noname.o
 .debug_line    0x0000894a     0xc4f8 build/u8g2_d_setup.o
 .debug_line    0x00014e42      0x170 build/u8g2_intersection.o
 .debug_line    0x00014fb2      0x331 build/u8g2_hvline.o
 .debug_line    0x000152e3      0x2fe build/u8g2_ll_hvline.o
 .debug_line    0x000155e1      0xcdd build/u8x8_cad.o
 .debug_line    0x000162be      0x8ce build/u8x8_8x8.o
 .debug_line    0x00016b8c       0x86 build/startup_stm32f042x6.o

.debug_str      0x00000000    0x1903a
 .debug_str     0x00000000    0x1903a build/main.o
                                0xbb4 (size before relaxing)
 .debug_str     0x0001903a      0x1a3 build/stm32f0xx_it.o
 .debug_str     0x0001903a      0x1cd build/stm32f0xx_hal_msp.o
 .debug_str     0x0001903a      0x634 build/stm32f0xx_hal_rcc.o
 .debug_str     0x0001903a      0x699 build/stm32f0xx_hal.o
 .debug_str     0x0001903a      0x5da build/stm32f0xx_hal_cortex.o
 .debug_str     0x0001903a      0x245 build/system_stm32f0xx.o
 .debug_str     0x0001903a      0x1e0 build/sysmem.o
 .debug_str     0x0001903a      0x204 build/tests.o
 .debug_str     0x0001903a      0x27b build/i2c.o
 .debug_str     0x0001903a      0x24d build/delay.o
 .debug_str     0x0001903a      0x2f2 build/DHT22.o
 .debug_str     0x0001903a      0x962 build/u8g2_port.o
 .debug_str     0x0001903a      0xa84 build/u8g2_buffer.o
 .debug_str     0x0001903a      0xb6a build/u8g2_setup.o
 .debug_str     0x0001903a      0xd64 build/u8g2_d_memory.o
 .debug_str     0x0001903a      0xee3 build/u8g2_font.o
 .debug_str     0x0001903a     0xbf51 build/u8g2_fonts.o
 .debug_str     0x0001903a      0x5c2 build/u8x8_display.o
 .debug_str     0x0001903a      0x4e4 build/u8x8_setup.o
 .debug_str     0x0001903a      0x63d build/u8x8_byte.o
 .debug_str     0x0001903a      0x441 build/u8x8_gpio.o
 .debug_str     0x0001903a      0x81f build/u8x8_d_ssd1306_128x64_noname.o
 .debug_str     0x0001903a     0xadaf build/u8g2_d_setup.o
 .debug_str     0x0001903a      0x891 build/u8g2_intersection.o
 .debug_str     0x0001903a      0x8d8 build/u8g2_hvline.o
 .debug_str     0x0001903a      0x8c0 build/u8g2_ll_hvline.o
 .debug_str     0x0001903a      0x6bd build/u8x8_cad.o
 .debug_str     0x0001903a      0x609 build/u8x8_8x8.o
 .debug_str     0x0001903a       0x52 build/startup_stm32f042x6.o

.debug_frame    0x00000000     0xb618
 .debug_frame   0x00000000       0x64 build/main.o
 .debug_frame   0x00000064       0x68 build/stm32f0xx_it.o
 .debug_frame   0x000000cc       0x24 build/stm32f0xx_hal_msp.o
 .debug_frame   0x000000f0      0x138 build/stm32f0xx_hal_rcc.o
 .debug_frame   0x00000228      0x1ac build/stm32f0xx_hal.o
 .debug_frame   0x000003d4      0x144 build/stm32f0xx_hal_cortex.o
 .debug_frame   0x00000518       0x38 build/system_stm32f0xx.o
 .debug_frame   0x00000550       0x28 build/sysmem.o
 .debug_frame   0x00000578       0x30 build/tests.o
 .debug_frame   0x000005a8       0x94 build/i2c.o
 .debug_frame   0x0000063c       0x88 build/delay.o
 .debug_frame   0x000006c4       0xa8 build/DHT22.o
 .debug_frame   0x0000076c       0x74 build/u8g2_port.o
 .debug_frame   0x000007e0      0x190 build/u8g2_buffer.o
 .debug_frame   0x00000970      0x254 build/u8g2_setup.o
 .debug_frame   0x00000bc4      0xd60 build/u8g2_d_memory.o
 .debug_frame   0x00001924      0x5c4 build/u8g2_font.o
 .debug_frame   0x00001ee8      0x178 build/u8x8_display.o
 .debug_frame   0x00002060       0x68 build/u8x8_setup.o
 .debug_frame   0x000020c8      0x2bc build/u8x8_byte.o
 .debug_frame   0x00002384       0x28 build/u8x8_gpio.o
 .debug_frame   0x000023ac       0xf0 build/u8x8_d_ssd1306_128x64_noname.o
 .debug_frame   0x0000249c     0x8530 build/u8g2_d_setup.o
 .debug_frame   0x0000a9cc       0x3c build/u8g2_intersection.o
 .debug_frame   0x0000aa08       0xc8 build/u8g2_hvline.o
 .debug_frame   0x0000aad0       0x54 build/u8g2_ll_hvline.o
 .debug_frame   0x0000ab24      0x2e0 build/u8x8_cad.o
 .debug_frame   0x0000ae04      0x290 build/u8x8_8x8.o
 .debug_frame   0x0000b094      0x138 /opt/gcc-arm-none-eabi/bin/../lib/gcc/arm-none-eabi/14.3.1/../../../../arm-none-eabi/lib/thumb/v6-m/nofp/libc_nano.a(libc_a-findfp.o)
 .debug_frame   0x0000b1cc       0x50 /opt/gcc-arm-none-eabi/bin/../lib/gcc/arm-none-eabi/14.3.1/../../../../arm-none-eabi/lib/thumb/v6-m/nofp/libc_nano.a(libc_a-snprintf.o)
 .debug_frame   0x0000b21c       0x20 /opt/gcc-arm-none-eabi/bin/../lib/gcc/arm-none-eabi/14.3.1/../../../../arm-none-eabi/lib/thumb/v6-m/nofp/libc_nano.a(libc_a-memset.o)
 .debug_frame   0x0000b23c       0x2c /opt/gcc-arm-none-eabi/bin/../lib/gcc/arm-none-eabi/14.3.1/../../../../arm-none-eabi/lib/thumb/v6-m/nofp/libc_nano.a(libc_a-reent.o)
 .debug_frame   0x0000b268       0x20 /opt/gcc-arm-none-eabi/bin/../lib/gcc/arm-none-eabi/14.3.1/../../../../arm-none-eabi/lib/thumb/v6-m/nofp/libc_nano.a(libc_a-errno.o)
 .debug_frame   0x0000b288       0x2c /opt/gcc-arm-none-eabi/bin/../lib/gcc/arm-none-eabi/14.3.1/../../../../arm-none-eabi/lib/thumb/v6-m/nofp/libc_nano.a(libc_a-init.o)
 .debug_frame   0x0000b2b4       0xb0 /opt/gcc-arm-none-eabi/bin/../lib/gcc/arm-none-eabi/14.3.1/../../../../arm-none-eabi/lib/thumb/v6-m/nofp/libc_nano.a(libc_a-lock.o)
 .debug_frame   0x0000b364       0x2c /opt/gcc-arm-none-eabi/bin/../lib/gcc/arm-none-eabi/14.3.1/../../../../arm-none-eabi/lib/thumb/v6-m/nofp/libc_nano.a(libc_a-freer.o)
 .debug_frame   0x0000b390       0x50 /opt/gcc-arm-none-eabi/bin/../lib/gcc/arm-none-eabi/14.3.1/../../../../arm-none-eabi/lib/thumb/v6-m/nofp/libc_nano.a(libc_a-mallocr.o)
 .debug_frame   0x0000b3e0       0x40 /opt/gcc-arm-none-eabi/bin/../lib/gcc/arm-none-eabi/14.3.1/../../../../arm-none-eabi/lib/thumb/v6-m/nofp/libc_nano.a(libc_a-mlock.o)
 .debug_frame   0x0000b420       0x74 /opt/gcc-arm-none-eabi/bin/../lib/gcc/arm-none-eabi/14.3.1/../../../../arm-none-eabi/lib/thumb/v6-m/nofp/libc_nano.a(libc_a-nano-svfprintf.o)
 .debug_frame   0x0000b494       0x54 /opt/gcc-arm-none-eabi/bin/../lib/gcc/arm-none-eabi/14.3.1/../../../../arm-none-eabi/lib/thumb/v6-m/nofp/libc_nano.a(libc_a-nano-vfprintf_i.o)
 .debug_frame   0x0000b4e8       0x28 /opt/gcc-arm-none-eabi/bin/../lib/gcc/arm-none-eabi/14.3.1/../../../../arm-none-eabi/lib/thumb/v6-m/nofp/libc_nano.a(libc_a-memmove.o)
 .debug_frame   0x0000b510       0x2c /opt/gcc-arm-none-eabi/bin/../lib/gcc/arm-none-eabi/14.3.1/../../../../arm-none-eabi/lib/thumb/v6-m/nofp/libc_nano.a(libc_a-sbrkr.o)
 .debug_frame   0x0000b53c       0x20 /opt/gcc-arm-none-eabi/bin/../lib/gcc/arm-none-eabi/14.3.1/../../../../arm-none-eabi/lib/thumb/v6-m/nofp/libc_nano.a(libc_a-memchr-stub.o)
 .debug_frame   0x0000b55c       0x28 /opt/gcc-arm-none-eabi/bin/../lib/gcc/arm-none-eabi/14.3.1/../../../../arm-none-eabi/lib/thumb/v6-m/nofp/libc_nano.a(libc_a-memcpy-stub.o)
 .debug_frame   0x0000b584       0x34 /opt/gcc-arm-none-eabi/bin/../lib/gcc/arm-none-eabi/14.3.1/../../../../arm-none-eabi/lib/thumb/v6-m/nofp/libc_nano.a(libc_a-reallocr.o)
 .debug_frame   0x0000b5b8       0x20 /opt/gcc-arm-none-eabi/bin/../lib/gcc/arm-none-eabi/14.3.1/../../../../arm-none-eabi/lib/thumb/v6-m/nofp/libc_nano.a(libc_a-msizer.o)
 .debug_frame   0x0000b5d8       0x20 /opt/gcc-arm-none-eabi/bin/../lib/gcc/arm-none-eabi/14.3.1/thumb/v6-m/nofp/libgcc.a(_udivsi3.o)
 .debug_frame   0x0000b5f8       0x20 /opt/gcc-arm-none-eabi/bin/../lib/gcc/arm-none-eabi/14.3.1/thumb/v6-m/nofp/libgcc.a(_divsi3.o)

.debug_line_str
                0x00000000       0xc2
 .debug_line_str
                0x00000000       0xc2 /opt/gcc-arm-none-eabi/bin/../lib/gcc/arm-none-eabi/14.3.1/thumb/v6-m/nofp/libgcc.a(_thumb1_case_shi.o)
 .debug_line_str
                0x000000c2       0xc2 /opt/gcc-arm-none-eabi/bin/../lib/gcc/arm-none-eabi/14.3.1/thumb/v6-m/nofp/libgcc.a(_udivsi3.o)
 .debug_line_str
                0x000000c2       0xc2 /opt/gcc-arm-none-eabi/bin/../lib/gcc/arm-none-eabi/14.3.1/thumb/v6-m/nofp/libgcc.a(_divsi3.o)
 .debug_line_str
                0x000000c2       0xc2 /opt/gcc-arm-none-eabi/bin/../lib/gcc/arm-none-eabi/14.3.1/thumb/v6-m/nofp/libgcc.a(_dvmd_tls.o)

Cross Reference Table

Symbol                                            File
ADC1_IRQHandler                                   build/startup_stm32f042x6.o
AHBPrescTable                                     build/system_stm32f0xx.o
                                                  build/stm32f0xx_hal_rcc.o
APBPrescTable                                     build/system_stm32f0xx.o
                                                  build/stm32f0xx_hal_rcc.o
CEC_CAN_IRQHandler                                build/startup_stm32f042x6.o
DMA1_Channel1_IRQHandler                          build/startup_stm32f042x6.o
DMA1_Channel2_3_IRQHandler                        build/startup_stm32f042x6.o
DMA1_Channel4_5_IRQHandler                        build/startup_stm32f042x6.o
Default_Handler                                   build/startup_stm32f042x6.o
EXTI0_1_IRQHandler                                build/startup_stm32f042x6.o
EXTI2_3_IRQHandler                                build/startup_stm32f042x6.o
EXTI4_15_IRQHandler                               build/startup_stm32f042x6.o
Error_Handler                                     build/main.o
FLASH_IRQHandler                                  build/startup_stm32f042x6.o
FLASH_PageErase                                   build/stm32f0xx_hal_flash_ex.o
                                                  build/stm32f0xx_hal_flash.o
FLASH_WaitForLastOperation                        build/stm32f0xx_hal_flash.o
                                                  build/stm32f0xx_hal_flash_ex.o
HAL_DBGMCU_DisableDBGStandbyMode                  build/stm32f0xx_hal.o
HAL_DBGMCU_DisableDBGStopMode                     build/stm32f0xx_hal.o
HAL_DBGMCU_EnableDBGStandbyMode                   build/stm32f0xx_hal.o
HAL_DBGMCU_EnableDBGStopMode                      build/stm32f0xx_hal.o
HAL_DMA_Abort                                     build/stm32f0xx_hal_dma.o
HAL_DMA_Abort_IT                                  build/stm32f0xx_hal_dma.o
                                                  build/stm32f0xx_hal_i2c.o
HAL_DMA_DeInit                                    build/stm32f0xx_hal_dma.o
HAL_DMA_GetError                                  build/stm32f0xx_hal_dma.o
HAL_DMA_GetState                                  build/stm32f0xx_hal_dma.o
                                                  build/stm32f0xx_hal_i2c.o
HAL_DMA_IRQHandler                                build/stm32f0xx_hal_dma.o
HAL_DMA_Init                                      build/stm32f0xx_hal_dma.o
HAL_DMA_PollForTransfer                           build/stm32f0xx_hal_dma.o
HAL_DMA_RegisterCallback                          build/stm32f0xx_hal_dma.o
HAL_DMA_Start                                     build/stm32f0xx_hal_dma.o
HAL_DMA_Start_IT                                  build/stm32f0xx_hal_dma.o
                                                  build/stm32f0xx_hal_i2c.o
HAL_DMA_UnRegisterCallback                        build/stm32f0xx_hal_dma.o
HAL_DeInit                                        build/stm32f0xx_hal.o
HAL_Delay                                         build/stm32f0xx_hal.o
                                                  build/delay.o
HAL_EXTI_ClearConfigLine                          build/stm32f0xx_hal_exti.o
HAL_EXTI_ClearPending                             build/stm32f0xx_hal_exti.o
HAL_EXTI_GenerateSWI                              build/stm32f0xx_hal_exti.o
HAL_EXTI_GetConfigLine                            build/stm32f0xx_hal_exti.o
HAL_EXTI_GetHandle                                build/stm32f0xx_hal_exti.o
HAL_EXTI_GetPending                               build/stm32f0xx_hal_exti.o
HAL_EXTI_IRQHandler                               build/stm32f0xx_hal_exti.o
HAL_EXTI_RegisterCallback                         build/stm32f0xx_hal_exti.o
HAL_EXTI_SetConfigLine                            build/stm32f0xx_hal_exti.o
HAL_FLASHEx_Erase                                 build/stm32f0xx_hal_flash_ex.o
HAL_FLASHEx_Erase_IT                              build/stm32f0xx_hal_flash_ex.o
HAL_FLASHEx_OBErase                               build/stm32f0xx_hal_flash_ex.o
HAL_FLASHEx_OBGetConfig                           build/stm32f0xx_hal_flash_ex.o
HAL_FLASHEx_OBGetUserData                         build/stm32f0xx_hal_flash_ex.o
HAL_FLASHEx_OBProgram                             build/stm32f0xx_hal_flash_ex.o
HAL_FLASH_EndOfOperationCallback                  build/stm32f0xx_hal_flash.o
HAL_FLASH_GetError                                build/stm32f0xx_hal_flash.o
HAL_FLASH_IRQHandler                              build/stm32f0xx_hal_flash.o
HAL_FLASH_Lock                                    build/stm32f0xx_hal_flash.o
HAL_FLASH_OB_Launch                               build/stm32f0xx_hal_flash.o
HAL_FLASH_OB_Lock                                 build/stm32f0xx_hal_flash.o
HAL_FLASH_OB_Unlock                               build/stm32f0xx_hal_flash.o
HAL_FLASH_OperationErrorCallback                  build/stm32f0xx_hal_flash.o
HAL_FLASH_Program                                 build/stm32f0xx_hal_flash.o
HAL_FLASH_Program_IT                              build/stm32f0xx_hal_flash.o
HAL_FLASH_Unlock                                  build/stm32f0xx_hal_flash.o
HAL_GPIO_DeInit                                   build/stm32f0xx_hal_gpio.o
HAL_GPIO_EXTI_Callback                            build/stm32f0xx_hal_gpio.o
HAL_GPIO_EXTI_IRQHandler                          build/stm32f0xx_hal_gpio.o
HAL_GPIO_Init                                     build/stm32f0xx_hal_gpio.o
                                                  build/stm32f0xx_hal_rcc.o
HAL_GPIO_LockPin                                  build/stm32f0xx_hal_gpio.o
HAL_GPIO_ReadPin                                  build/stm32f0xx_hal_gpio.o
HAL_GPIO_TogglePin                                build/stm32f0xx_hal_gpio.o
HAL_GPIO_WritePin                                 build/stm32f0xx_hal_gpio.o
HAL_GetDEVID                                      build/stm32f0xx_hal.o
HAL_GetHalVersion                                 build/stm32f0xx_hal.o
HAL_GetREVID                                      build/stm32f0xx_hal.o
HAL_GetTick                                       build/stm32f0xx_hal.o
                                                  build/stm32f0xx_hal_flash.o
                                                  build/stm32f0xx_hal_dma.o
                                                  build/stm32f0xx_hal_i2c.o
                                                  build/stm32f0xx_hal_rcc_ex.o
                                                  build/stm32f0xx_hal_rcc.o
HAL_GetTickFreq                                   build/stm32f0xx_hal.o
HAL_GetTickPrio                                   build/stm32f0xx_hal.o
HAL_GetUIDw0                                      build/stm32f0xx_hal.o
HAL_GetUIDw1                                      build/stm32f0xx_hal.o
HAL_GetUIDw2                                      build/stm32f0xx_hal.o
HAL_I2CEx_ConfigAnalogFilter                      build/stm32f0xx_hal_i2c_ex.o
HAL_I2CEx_ConfigDigitalFilter                     build/stm32f0xx_hal_i2c_ex.o
HAL_I2CEx_DisableFastModePlus                     build/stm32f0xx_hal_i2c_ex.o
HAL_I2CEx_DisableWakeUp                           build/stm32f0xx_hal_i2c_ex.o
HAL_I2CEx_EnableFastModePlus                      build/stm32f0xx_hal_i2c_ex.o
HAL_I2CEx_EnableWakeUp                            build/stm32f0xx_hal_i2c_ex.o
HAL_I2C_AbortCpltCallback                         build/stm32f0xx_hal_i2c.o
HAL_I2C_AddrCallback                              build/stm32f0xx_hal_i2c.o
HAL_I2C_DeInit                                    build/stm32f0xx_hal_i2c.o
HAL_I2C_DisableListen_IT                          build/stm32f0xx_hal_i2c.o
HAL_I2C_ER_IRQHandler                             build/stm32f0xx_hal_i2c.o
HAL_I2C_EV_IRQHandler                             build/stm32f0xx_hal_i2c.o
HAL_I2C_EnableListen_IT                           build/stm32f0xx_hal_i2c.o
HAL_I2C_ErrorCallback                             build/stm32f0xx_hal_i2c.o
HAL_I2C_GetError                                  build/stm32f0xx_hal_i2c.o
HAL_I2C_GetMode                                   build/stm32f0xx_hal_i2c.o
HAL_I2C_GetState                                  build/stm32f0xx_hal_i2c.o
HAL_I2C_Init                                      build/stm32f0xx_hal_i2c.o
HAL_I2C_IsDeviceReady                             build/stm32f0xx_hal_i2c.o
HAL_I2C_ListenCpltCallback                        build/stm32f0xx_hal_i2c.o
HAL_I2C_MasterRxCpltCallback                      build/stm32f0xx_hal_i2c.o
HAL_I2C_MasterTxCpltCallback                      build/stm32f0xx_hal_i2c.o
HAL_I2C_Master_Abort_IT                           build/stm32f0xx_hal_i2c.o
HAL_I2C_Master_Receive                            build/stm32f0xx_hal_i2c.o
HAL_I2C_Master_Receive_DMA                        build/stm32f0xx_hal_i2c.o
HAL_I2C_Master_Receive_IT                         build/stm32f0xx_hal_i2c.o
HAL_I2C_Master_Seq_Receive_DMA                    build/stm32f0xx_hal_i2c.o
HAL_I2C_Master_Seq_Receive_IT                     build/stm32f0xx_hal_i2c.o
HAL_I2C_Master_Seq_Transmit_DMA                   build/stm32f0xx_hal_i2c.o
HAL_I2C_Master_Seq_Transmit_IT                    build/stm32f0xx_hal_i2c.o
HAL_I2C_Master_Transmit                           build/stm32f0xx_hal_i2c.o
HAL_I2C_Master_Transmit_DMA                       build/stm32f0xx_hal_i2c.o
HAL_I2C_Master_Transmit_IT                        build/stm32f0xx_hal_i2c.o
HAL_I2C_MemRxCpltCallback                         build/stm32f0xx_hal_i2c.o
HAL_I2C_MemTxCpltCallback                         build/stm32f0xx_hal_i2c.o
HAL_I2C_Mem_Read                                  build/stm32f0xx_hal_i2c.o
HAL_I2C_Mem_Read_DMA                              build/stm32f0xx_hal_i2c.o
HAL_I2C_Mem_Read_IT                               build/stm32f0xx_hal_i2c.o
HAL_I2C_Mem_Write                                 build/stm32f0xx_hal_i2c.o
HAL_I2C_Mem_Write_DMA                             build/stm32f0xx_hal_i2c.o
HAL_I2C_Mem_Write_IT                              build/stm32f0xx_hal_i2c.o
HAL_I2C_MspDeInit                                 build/stm32f0xx_hal_i2c.o
HAL_I2C_MspInit                                   build/stm32f0xx_hal_i2c.o
HAL_I2C_SlaveRxCpltCallback                       build/stm32f0xx_hal_i2c.o
HAL_I2C_SlaveTxCpltCallback                       build/stm32f0xx_hal_i2c.o
HAL_I2C_Slave_Receive                             build/stm32f0xx_hal_i2c.o
HAL_I2C_Slave_Receive_DMA                         build/stm32f0xx_hal_i2c.o
HAL_I2C_Slave_Receive_IT                          build/stm32f0xx_hal_i2c.o
HAL_I2C_Slave_Seq_Receive_DMA                     build/stm32f0xx_hal_i2c.o
HAL_I2C_Slave_Seq_Receive_IT                      build/stm32f0xx_hal_i2c.o
HAL_I2C_Slave_Seq_Transmit_DMA                    build/stm32f0xx_hal_i2c.o
HAL_I2C_Slave_Seq_Transmit_IT                     build/stm32f0xx_hal_i2c.o
HAL_I2C_Slave_Transmit                            build/stm32f0xx_hal_i2c.o
HAL_I2C_Slave_Transmit_DMA                        build/stm32f0xx_hal_i2c.o
HAL_I2C_Slave_Transmit_IT                         build/stm32f0xx_hal_i2c.o
HAL_IncTick                                       build/stm32f0xx_hal.o
                                                  build/stm32f0xx_it.o
HAL_Init                                          build/stm32f0xx_hal.o
                                                  build/main.o
HAL_InitTick                                      build/stm32f0xx_hal.o
                                                  build/stm32f0xx_hal_rcc.o
HAL_MspDeInit                                     build/stm32f0xx_hal.o
HAL_MspInit                                       build/stm32f0xx_hal_msp.o
HAL_NVIC_ClearPendingIRQ                          build/stm32f0xx_hal_cortex.o
HAL_NVIC_DisableIRQ                               build/stm32f0xx_hal_cortex.o
HAL_NVIC_EnableIRQ                                build/stm32f0xx_hal_cortex.o
HAL_NVIC_GetPendingIRQ                            build/stm32f0xx_hal_cortex.o
HAL_NVIC_GetPriority                              build/stm32f0xx_hal_cortex.o
HAL_NVIC_SetPendingIRQ                            build/stm32f0xx_hal_cortex.o
HAL_NVIC_SetPriority                              build/stm32f0xx_hal_cortex.o
                                                  build/stm32f0xx_hal.o
HAL_NVIC_SystemReset                              build/stm32f0xx_hal_cortex.o
HAL_PWREx_DisableVddio2Monitor                    build/stm32f0xx_hal_pwr_ex.o
HAL_PWREx_EnableVddio2Monitor                     build/stm32f0xx_hal_pwr_ex.o
HAL_PWREx_Vddio2MonitorCallback                   build/stm32f0xx_hal_pwr_ex.o
HAL_PWREx_Vddio2Monitor_IRQHandler                build/stm32f0xx_hal_pwr_ex.o
HAL_PWR_ConfigPVD                                 build/stm32f0xx_hal_pwr_ex.o
HAL_PWR_DeInit                                    build/stm32f0xx_hal_pwr.o
HAL_PWR_DisableBkUpAccess                         build/stm32f0xx_hal_pwr.o
HAL_PWR_DisablePVD                                build/stm32f0xx_hal_pwr_ex.o
HAL_PWR_DisableSEVOnPend                          build/stm32f0xx_hal_pwr.o
HAL_PWR_DisableSleepOnExit                        build/stm32f0xx_hal_pwr.o
HAL_PWR_DisableWakeUpPin                          build/stm32f0xx_hal_pwr.o
HAL_PWR_EnableBkUpAccess                          build/stm32f0xx_hal_pwr.o
HAL_PWR_EnablePVD                                 build/stm32f0xx_hal_pwr_ex.o
HAL_PWR_EnableSEVOnPend                           build/stm32f0xx_hal_pwr.o
HAL_PWR_EnableSleepOnExit                         build/stm32f0xx_hal_pwr.o
HAL_PWR_EnableWakeUpPin                           build/stm32f0xx_hal_pwr.o
HAL_PWR_EnterSLEEPMode                            build/stm32f0xx_hal_pwr.o
HAL_PWR_EnterSTANDBYMode                          build/stm32f0xx_hal_pwr.o
HAL_PWR_EnterSTOPMode                             build/stm32f0xx_hal_pwr.o
HAL_PWR_PVDCallback                               build/stm32f0xx_hal_pwr_ex.o
HAL_PWR_PVD_IRQHandler                            build/stm32f0xx_hal_pwr_ex.o
HAL_RCCEx_CRSConfig                               build/stm32f0xx_hal_rcc_ex.o
HAL_RCCEx_CRSGetSynchronizationInfo               build/stm32f0xx_hal_rcc_ex.o
HAL_RCCEx_CRSSoftwareSynchronizationGenerate      build/stm32f0xx_hal_rcc_ex.o
HAL_RCCEx_CRSWaitSynchronization                  build/stm32f0xx_hal_rcc_ex.o
HAL_RCCEx_CRS_ErrorCallback                       build/stm32f0xx_hal_rcc_ex.o
HAL_RCCEx_CRS_ExpectedSyncCallback                build/stm32f0xx_hal_rcc_ex.o
HAL_RCCEx_CRS_IRQHandler                          build/stm32f0xx_hal_rcc_ex.o
HAL_RCCEx_CRS_SyncOkCallback                      build/stm32f0xx_hal_rcc_ex.o
HAL_RCCEx_CRS_SyncWarnCallback                    build/stm32f0xx_hal_rcc_ex.o
HAL_RCCEx_GetPeriphCLKConfig                      build/stm32f0xx_hal_rcc_ex.o
HAL_RCCEx_GetPeriphCLKFreq                        build/stm32f0xx_hal_rcc_ex.o
HAL_RCCEx_PeriphCLKConfig                         build/stm32f0xx_hal_rcc_ex.o
HAL_RCC_CSSCallback                               build/stm32f0xx_hal_rcc.o
HAL_RCC_ClockConfig                               build/stm32f0xx_hal_rcc.o
                                                  build/main.o
HAL_RCC_DeInit                                    build/stm32f0xx_hal_rcc.o
HAL_RCC_DisableCSS                                build/stm32f0xx_hal_rcc.o
HAL_RCC_EnableCSS                                 build/stm32f0xx_hal_rcc.o
HAL_RCC_GetClockConfig                            build/stm32f0xx_hal_rcc.o
HAL_RCC_GetHCLKFreq                               build/stm32f0xx_hal_rcc.o
HAL_RCC_GetOscConfig                              build/stm32f0xx_hal_rcc.o
HAL_RCC_GetPCLK1Freq                              build/stm32f0xx_hal_rcc.o
                                                  build/stm32f0xx_hal_rcc_ex.o
HAL_RCC_GetSysClockFreq                           build/stm32f0xx_hal_rcc.o
                                                  build/stm32f0xx_hal_rcc_ex.o
HAL_RCC_MCOConfig                                 build/stm32f0xx_hal_rcc.o
HAL_RCC_NMI_IRQHandler                            build/stm32f0xx_hal_rcc.o
HAL_RCC_OscConfig                                 build/stm32f0xx_hal_rcc.o
                                                  build/main.o
HAL_ResumeTick                                    build/stm32f0xx_hal.o
HAL_SYSTICK_CLKSourceConfig                       build/stm32f0xx_hal_cortex.o
HAL_SYSTICK_Callback                              build/stm32f0xx_hal_cortex.o
HAL_SYSTICK_Config                                build/stm32f0xx_hal_cortex.o
                                                  build/stm32f0xx_hal.o
HAL_SYSTICK_IRQHandler                            build/stm32f0xx_hal_cortex.o
HAL_SetTickFreq                                   build/stm32f0xx_hal.o
HAL_SuspendTick                                   build/stm32f0xx_hal.o
HardFault_Handler                                 build/stm32f0xx_it.o
I2C1_IRQHandler                                   build/startup_stm32f042x6.o
NMI_Handler                                       build/stm32f0xx_it.o
PVD_VDDIO2_IRQHandler                             build/startup_stm32f042x6.o
PendSV_Handler                                    build/stm32f0xx_it.o
RCC_CRS_IRQHandler                                build/startup_stm32f042x6.o
RTC_IRQHandler                                    build/startup_stm32f042x6.o
Reset_Handler                                     build/startup_stm32f042x6.o
SPI1_IRQHandler                                   build/startup_stm32f042x6.o
SPI2_IRQHandler                                   build/startup_stm32f042x6.o
SVC_Handler                                       build/stm32f0xx_it.o
SysTick_Handler                                   build/stm32f0xx_it.o
SystemClock_Config                                build/main.o
SystemCoreClock                                   build/system_stm32f0xx.o
                                                  build/stm32f0xx_hal.o
                                                  build/stm32f0xx_hal_rcc.o
SystemCoreClockUpdate                             build/system_stm32f0xx.o
SystemInit                                        build/system_stm32f0xx.o
                                                  build/startup_stm32f042x6.o
TIM14_IRQHandler                                  build/startup_stm32f042x6.o
TIM16_IRQHandler                                  build/startup_stm32f042x6.o
TIM17_IRQHandler                                  build/startup_stm32f042x6.o
TIM1_BRK_UP_TRG_COM_IRQHandler                    build/startup_stm32f042x6.o
TIM1_CC_IRQHandler                                build/startup_stm32f042x6.o
TIM2_IRQHandler                                   build/startup_stm32f042x6.o
TIM3_IRQHandler                                   build/startup_stm32f042x6.o
TSC_IRQHandler                                    build/startup_stm32f042x6.o
U8x8_byte_hw_i2c                                  build/u8g2_port.o
U8x8_gpio_and_delay_stm32                         build/u8g2_port.o
USART1_IRQHandler                                 build/startup_stm32f042x6.o
USART2_IRQHandler                                 build/startup_stm32f042x6.o
USB_IRQHandler                                    build/startup_stm32f042x6.o
WWDG_IRQHandler                                   build/startup_stm32f042x6.o
_ITM_deregisterTMCloneTable                       /opt/gcc-arm-none-eabi/bin/../lib/gcc/arm-none-eabi/14.3.1/thumb/v6-m/nofp/crtbegin.o
_ITM_registerTMCloneTable                         /opt/gcc-arm-none-eabi/bin/../lib/gcc/arm-none-eabi/14.3.1/thumb/v6-m/nofp/crtbegin.o
_Min_Stack_Size                                   build/sysmem.o
__TMC_END__                                       /opt/gcc-arm-none-eabi/bin/../lib/gcc/arm-none-eabi/14.3.1/thumb/v6-m/nofp/crtend.o
                                                  /opt/gcc-arm-none-eabi/bin/../lib/gcc/arm-none-eabi/14.3.1/thumb/v6-m/nofp/crtbegin.o
__aeabi_idiv                                      /opt/gcc-arm-none-eabi/bin/../lib/gcc/arm-none-eabi/14.3.1/thumb/v6-m/nofp/libgcc.a(_divsi3.o)
                                                  build/main.o
__aeabi_idiv0                                     /opt/gcc-arm-none-eabi/bin/../lib/gcc/arm-none-eabi/14.3.1/thumb/v6-m/nofp/libgcc.a(_dvmd_tls.o)
                                                  /opt/gcc-arm-none-eabi/bin/../lib/gcc/arm-none-eabi/14.3.1/thumb/v6-m/nofp/libgcc.a(_divsi3.o)
                                                  /opt/gcc-arm-none-eabi/bin/../lib/gcc/arm-none-eabi/14.3.1/thumb/v6-m/nofp/libgcc.a(_udivsi3.o)
__aeabi_idivmod                                   /opt/gcc-arm-none-eabi/bin/../lib/gcc/arm-none-eabi/14.3.1/thumb/v6-m/nofp/libgcc.a(_divsi3.o)
                                                  build/main.o
__aeabi_ldiv0                                     /opt/gcc-arm-none-eabi/bin/../lib/gcc/arm-none-eabi/14.3.1/thumb/v6-m/nofp/libgcc.a(_dvmd_tls.o)
__aeabi_uidiv                                     /opt/gcc-arm-none-eabi/bin/../lib/gcc/arm-none-eabi/14.3.1/thumb/v6-m/nofp/libgcc.a(_udivsi3.o)
                                                  build/system_stm32f0xx.o
                                                  build/stm32f0xx_hal_dma.o
                                                  build/stm32f0xx_hal.o
                                                  build/stm32f0xx_hal_rcc_ex.o
                                                  build/stm32f0xx_hal_rcc.o
                                                  build/main.o
__aeabi_uidivmod                                  /opt/gcc-arm-none-eabi/bin/../lib/gcc/arm-none-eabi/14.3.1/thumb/v6-m/nofp/libgcc.a(_udivsi3.o)
                                                  /opt/gcc-arm-none-eabi/bin/../lib/gcc/arm-none-eabi/14.3.1/../../../../arm-none-eabi/lib/thumb/v6-m/nofp/libc_nano.a(libc_a-nano-vfprintf_i.o)
                                                  build/main.o
__bss_end__                                       /opt/gcc-arm-none-eabi/bin/../lib/gcc/arm-none-eabi/14.3.1/../../../../arm-none-eabi/lib/thumb/v6-m/nofp/crt0.o
__bss_start__                                     /opt/gcc-arm-none-eabi/bin/../lib/gcc/arm-none-eabi/14.3.1/../../../../arm-none-eabi/lib/thumb/v6-m/nofp/crt0.o
__call_exitprocs                                  /opt/gcc-arm-none-eabi/bin/../lib/gcc/arm-none-eabi/14.3.1/../../../../arm-none-eabi/lib/thumb/v6-m/nofp/libc_nano.a(libc_a-exit.o)
__deregister_frame_info                           /opt/gcc-arm-none-eabi/bin/../lib/gcc/arm-none-eabi/14.3.1/thumb/v6-m/nofp/crtbegin.o
__divsi3                                          /opt/gcc-arm-none-eabi/bin/../lib/gcc/arm-none-eabi/14.3.1/thumb/v6-m/nofp/libgcc.a(_divsi3.o)
__dso_handle                                      /opt/gcc-arm-none-eabi/bin/../lib/gcc/arm-none-eabi/14.3.1/thumb/v6-m/nofp/crtbegin.o
__env                                             build/syscalls.o
__errno                                           /opt/gcc-arm-none-eabi/bin/../lib/gcc/arm-none-eabi/14.3.1/../../../../arm-none-eabi/lib/thumb/v6-m/nofp/libc_nano.a(libc_a-errno.o)
                                                  build/syscalls.o
                                                  build/sysmem.o
__fp_lock_all                                     /opt/gcc-arm-none-eabi/bin/../lib/gcc/arm-none-eabi/14.3.1/../../../../arm-none-eabi/lib/thumb/v6-m/nofp/libc_nano.a(libc_a-findfp.o)
__fp_unlock_all                                   /opt/gcc-arm-none-eabi/bin/../lib/gcc/arm-none-eabi/14.3.1/../../../../arm-none-eabi/lib/thumb/v6-m/nofp/libc_nano.a(libc_a-findfp.o)
__gnu_thumb1_case_shi                             /opt/gcc-arm-none-eabi/bin/../lib/gcc/arm-none-eabi/14.3.1/thumb/v6-m/nofp/libgcc.a(_thumb1_case_shi.o)
                                                  /opt/gcc-arm-none-eabi/bin/../lib/gcc/arm-none-eabi/14.3.1/../../../../arm-none-eabi/lib/thumb/v6-m/nofp/libc_nano.a(libc_a-nano-vfprintf_i.o)
__init_array_end                                  /opt/gcc-arm-none-eabi/bin/../lib/gcc/arm-none-eabi/14.3.1/../../../../arm-none-eabi/lib/thumb/v6-m/nofp/libc_nano.a(libc_a-init.o)
__init_array_start                                /opt/gcc-arm-none-eabi/bin/../lib/gcc/arm-none-eabi/14.3.1/../../../../arm-none-eabi/lib/thumb/v6-m/nofp/libc_nano.a(libc_a-init.o)
__io_getchar                                      build/syscalls.o
__io_putchar                                      build/syscalls.o
__libc_fini_array                                 /opt/gcc-arm-none-eabi/bin/../lib/gcc/arm-none-eabi/14.3.1/../../../../arm-none-eabi/lib/thumb/v6-m/nofp/crt0.o
__libc_init_array                                 /opt/gcc-arm-none-eabi/bin/../lib/gcc/arm-none-eabi/14.3.1/../../../../arm-none-eabi/lib/thumb/v6-m/nofp/libc_nano.a(libc_a-init.o)
                                                  build/startup_stm32f042x6.o
                                                  /opt/gcc-arm-none-eabi/bin/../lib/gcc/arm-none-eabi/14.3.1/../../../../arm-none-eabi/lib/thumb/v6-m/nofp/crt0.o
__lock___arc4random_mutex                         /opt/gcc-arm-none-eabi/bin/../lib/gcc/arm-none-eabi/14.3.1/../../../../arm-none-eabi/lib/thumb/v6-m/nofp/libc_nano.a(libc_a-lock.o)
__lock___at_quick_exit_mutex                      /opt/gcc-arm-none-eabi/bin/../lib/gcc/arm-none-eabi/14.3.1/../../../../arm-none-eabi/lib/thumb/v6-m/nofp/libc_nano.a(libc_a-lock.o)
__lock___atexit_recursive_mutex                   /opt/gcc-arm-none-eabi/bin/../lib/gcc/arm-none-eabi/14.3.1/../../../../arm-none-eabi/lib/thumb/v6-m/nofp/libc_nano.a(libc_a-lock.o)
__lock___dd_hash_mutex                            /opt/gcc-arm-none-eabi/bin/../lib/gcc/arm-none-eabi/14.3.1/../../../../arm-none-eabi/lib/thumb/v6-m/nofp/libc_nano.a(libc_a-lock.o)
__lock___env_recursive_mutex                      /opt/gcc-arm-none-eabi/bin/../lib/gcc/arm-none-eabi/14.3.1/../../../../arm-none-eabi/lib/thumb/v6-m/nofp/libc_nano.a(libc_a-lock.o)
__lock___malloc_recursive_mutex                   /opt/gcc-arm-none-eabi/bin/../lib/gcc/arm-none-eabi/14.3.1/../../../../arm-none-eabi/lib/thumb/v6-m/nofp/libc_nano.a(libc_a-lock.o)
                                                  /opt/gcc-arm-none-eabi/bin/../lib/gcc/arm-none-eabi/14.3.1/../../../../arm-none-eabi/lib/thumb/v6-m/nofp/libc_nano.a(libc_a-mlock.o)
__lock___sfp_recursive_mutex                      /opt/gcc-arm-none-eabi/bin/../lib/gcc/arm-none-eabi/14.3.1/../../../../arm-none-eabi/lib/thumb/v6-m/nofp/libc_nano.a(libc_a-lock.o)
                                                  /opt/gcc-arm-none-eabi/bin/../lib/gcc/arm-none-eabi/14.3.1/../../../../arm-none-eabi/lib/thumb/v6-m/nofp/libc_nano.a(libc_a-findfp.o)
__lock___tz_mutex                                 /opt/gcc-arm-none-eabi/bin/../lib/gcc/arm-none-eabi/14.3.1/../../../../arm-none-eabi/lib/thumb/v6-m/nofp/libc_nano.a(libc_a-lock.o)
__malloc_free_list                                /opt/gcc-arm-none-eabi/bin/../lib/gcc/arm-none-eabi/14.3.1/../../../../arm-none-eabi/lib/thumb/v6-m/nofp/libc_nano.a(libc_a-mallocr.o)
                                                  /opt/gcc-arm-none-eabi/bin/../lib/gcc/arm-none-eabi/14.3.1/../../../../arm-none-eabi/lib/thumb/v6-m/nofp/libc_nano.a(libc_a-freer.o)
__malloc_lock                                     /opt/gcc-arm-none-eabi/bin/../lib/gcc/arm-none-eabi/14.3.1/../../../../arm-none-eabi/lib/thumb/v6-m/nofp/libc_nano.a(libc_a-mlock.o)
                                                  /opt/gcc-arm-none-eabi/bin/../lib/gcc/arm-none-eabi/14.3.1/../../../../arm-none-eabi/lib/thumb/v6-m/nofp/libc_nano.a(libc_a-mallocr.o)
                                                  /opt/gcc-arm-none-eabi/bin/../lib/gcc/arm-none-eabi/14.3.1/../../../../arm-none-eabi/lib/thumb/v6-m/nofp/libc_nano.a(libc_a-freer.o)
__malloc_sbrk_start                               /opt/gcc-arm-none-eabi/bin/../lib/gcc/arm-none-eabi/14.3.1/../../../../arm-none-eabi/lib/thumb/v6-m/nofp/libc_nano.a(libc_a-mallocr.o)
__malloc_unlock                                   /opt/gcc-arm-none-eabi/bin/../lib/gcc/arm-none-eabi/14.3.1/../../../../arm-none-eabi/lib/thumb/v6-m/nofp/libc_nano.a(libc_a-mlock.o)
                                                  /opt/gcc-arm-none-eabi/bin/../lib/gcc/arm-none-eabi/14.3.1/../../../../arm-none-eabi/lib/thumb/v6-m/nofp/libc_nano.a(libc_a-mallocr.o)
                                                  /opt/gcc-arm-none-eabi/bin/../lib/gcc/arm-none-eabi/14.3.1/../../../../arm-none-eabi/lib/thumb/v6-m/nofp/libc_nano.a(libc_a-freer.o)
__preinit_array_end                               /opt/gcc-arm-none-eabi/bin/../lib/gcc/arm-none-eabi/14.3.1/../../../../arm-none-eabi/lib/thumb/v6-m/nofp/libc_nano.a(libc_a-init.o)
__preinit_array_start                             /opt/gcc-arm-none-eabi/bin/../lib/gcc/arm-none-eabi/14.3.1/../../../../arm-none-eabi/lib/thumb/v6-m/nofp/libc_nano.a(libc_a-init.o)